Archive member included because of file (symbol)

/home/jacob/KSDK_1.3.0/examples/frdmk22f/demo_apps/hello_world/kds/../../../../../lib/ksdk_platform_lib/kds/K22F51212/debug/libksdk_platform.a(fsl_uart_hal.o)
                              ./utilities/fsl_debug_console.o (UART_HAL_SetBaudRate)
/home/jacob/KSDK_1.3.0/examples/frdmk22f/demo_apps/hello_world/kds/../../../../../lib/ksdk_platform_lib/kds/K22F51212/debug/libksdk_platform.a(fsl_smc_hal.o)
                              ./board/board.o (SMC_HAL_SetMode)
/home/jacob/KSDK_1.3.0/examples/frdmk22f/demo_apps/hello_world/kds/../../../../../lib/ksdk_platform_lib/kds/K22F51212/debug/libksdk_platform.a(fsl_lpuart_hal.o)
                              ./utilities/fsl_debug_console.o (LPUART_HAL_SetBaudRate)
/home/jacob/KSDK_1.3.0/examples/frdmk22f/demo_apps/hello_world/kds/../../../../../lib/ksdk_platform_lib/kds/K22F51212/debug/libksdk_platform.a(fsl_lptmr_driver.o)
                              ./source/main.o (LPTMR_DRV_Init)
/home/jacob/KSDK_1.3.0/examples/frdmk22f/demo_apps/hello_world/kds/../../../../../lib/ksdk_platform_lib/kds/K22F51212/debug/libksdk_platform.a(fsl_gpio_driver.o)
                              ./board/board.o (GPIO_DRV_Init)
/home/jacob/KSDK_1.3.0/examples/frdmk22f/demo_apps/hello_world/kds/../../../../../lib/ksdk_platform_lib/kds/K22F51212/debug/libksdk_platform.a(fsl_clock_MK22F51212.o)
                              ./board/board.o (CLOCK_SYS_SetSimConfigration)
/home/jacob/KSDK_1.3.0/examples/frdmk22f/demo_apps/hello_world/kds/../../../../../lib/ksdk_platform_lib/kds/K22F51212/debug/libksdk_platform.a(fsl_clock_manager.o)
                              ./board/board.o (CLOCK_SYS_BootToPee)
/home/jacob/KSDK_1.3.0/examples/frdmk22f/demo_apps/hello_world/kds/../../../../../lib/ksdk_platform_lib/kds/K22F51212/debug/libksdk_platform.a(fsl_clock_manager_common.o)
                              /home/jacob/KSDK_1.3.0/examples/frdmk22f/demo_apps/hello_world/kds/../../../../../lib/ksdk_platform_lib/kds/K22F51212/debug/libksdk_platform.a(fsl_clock_MK22F51212.o) (g_oscBase)
/home/jacob/KSDK_1.3.0/examples/frdmk22f/demo_apps/hello_world/kds/../../../../../lib/ksdk_platform_lib/kds/K22F51212/debug/libksdk_platform.a(fsl_os_abstraction_bm.o)
                              /home/jacob/KSDK_1.3.0/examples/frdmk22f/demo_apps/hello_world/kds/../../../../../lib/ksdk_platform_lib/kds/K22F51212/debug/libksdk_platform.a(fsl_clock_manager.o) (OSA_EnterCritical)
/home/jacob/KSDK_1.3.0/examples/frdmk22f/demo_apps/hello_world/kds/../../../../../lib/ksdk_platform_lib/kds/K22F51212/debug/libksdk_platform.a(fsl_sim_hal_MK22F51212.o)
                              /home/jacob/KSDK_1.3.0/examples/frdmk22f/demo_apps/hello_world/kds/../../../../../lib/ksdk_platform_lib/kds/K22F51212/debug/libksdk_platform.a(fsl_clock_MK22F51212.o) (CLOCK_HAL_GetUsbfsDiv)
/home/jacob/KSDK_1.3.0/examples/frdmk22f/demo_apps/hello_world/kds/../../../../../lib/ksdk_platform_lib/kds/K22F51212/debug/libksdk_platform.a(fsl_osc_hal.o)
                              /home/jacob/KSDK_1.3.0/examples/frdmk22f/demo_apps/hello_world/kds/../../../../../lib/ksdk_platform_lib/kds/K22F51212/debug/libksdk_platform.a(fsl_clock_manager.o) (OSC_HAL_SetCapacitor)
/home/jacob/KSDK_1.3.0/examples/frdmk22f/demo_apps/hello_world/kds/../../../../../lib/ksdk_platform_lib/kds/K22F51212/debug/libksdk_platform.a(fsl_mcg_hal.o)
                              /home/jacob/KSDK_1.3.0/examples/frdmk22f/demo_apps/hello_world/kds/../../../../../lib/ksdk_platform_lib/kds/K22F51212/debug/libksdk_platform.a(fsl_clock_MK22F51212.o) (g_xtal0ClkFreq)
/home/jacob/KSDK_1.3.0/examples/frdmk22f/demo_apps/hello_world/kds/../../../../../lib/ksdk_platform_lib/kds/K22F51212/debug/libksdk_platform.a(fsl_mcg_hal_modes.o)
                              /home/jacob/KSDK_1.3.0/examples/frdmk22f/demo_apps/hello_world/kds/../../../../../lib/ksdk_platform_lib/kds/K22F51212/debug/libksdk_platform.a(fsl_clock_manager.o) (CLOCK_HAL_GetMcgMode)
/home/jacob/KSDK_1.3.0/examples/frdmk22f/demo_apps/hello_world/kds/../../../../../lib/ksdk_platform_lib/kds/K22F51212/debug/libksdk_platform.a(fsl_lptmr_hal.o)
                              /home/jacob/KSDK_1.3.0/examples/frdmk22f/demo_apps/hello_world/kds/../../../../../lib/ksdk_platform_lib/kds/K22F51212/debug/libksdk_platform.a(fsl_lptmr_driver.o) (LPTMR_HAL_Init)
/home/jacob/KSDK_1.3.0/examples/frdmk22f/demo_apps/hello_world/kds/../../../../../lib/ksdk_platform_lib/kds/K22F51212/debug/libksdk_platform.a(fsl_lptmr_common.o)
                              /home/jacob/KSDK_1.3.0/examples/frdmk22f/demo_apps/hello_world/kds/../../../../../lib/ksdk_platform_lib/kds/K22F51212/debug/libksdk_platform.a(fsl_lptmr_driver.o) (g_lptmrBase)
/home/jacob/KSDK_1.3.0/examples/frdmk22f/demo_apps/hello_world/kds/../../../../../lib/ksdk_platform_lib/kds/K22F51212/debug/libksdk_platform.a(fsl_interrupt_manager.o)
[...]
Memory Configuration

Name             Origin             Length             Attributes
m_interrupts     0x00000000         0x00000400         xr
m_flash_config   0x00000400         0x00000010         xr
m_text           0x00000410         0x0007fbf0         xr
m_data           0x1fff0000         0x00010000         rw
m_data_2         0x20000000         0x00010000         rw
*default*        0x00000000         0xffffffff

Linker script and memory map

LOAD /opt/Freescale/KDS_v3/toolchain/bin/../lib/gcc/arm-none-eabi/4.8.4/armv7e-m/fpu/crti.o
LOAD /opt/Freescale/KDS_v3/toolchain/bin/../lib/gcc/arm-none-eabi/4.8.4/armv7e-m/fpu/crtbegin.o
LOAD /opt/Freescale/KDS_v3/toolchain/bin/../lib/gcc/arm-none-eabi/4.8.4/../../../../arm-none-eabi/lib/armv7e-m/fpu/crt0.o
                0x00002000                __stack_size__ = 0x2000
                0x00002000                __heap_size__ = 0x2000
START GROUP
LOAD ./utilities/fsl_debug_console.o
LOAD ./utilities/fsl_misc_utilities.o
LOAD ./utilities/print_scan.o
LOAD ./startup/startup.o
LOAD ./startup/startup_MK22F51212.o
LOAD ./startup/system_MK22F51212.o
LOAD ./source/fsl_lptmr_irq.o
LOAD ./source/main.o
LOAD ./board/board.o
LOAD ./board/gpio_pins.o
LOAD ./board/hardware_init.o
LOAD ./board/pin_mux.o
LOAD /home/jacob/KSDK_1.3.0/examples/frdmk22f/demo_apps/hello_world/kds/../../../../../lib/ksdk_platform_lib/kds/K22F51212/debug/libksdk_platform.a
LOAD /opt/Freescale/KDS_v3/toolchain/bin/../lib/gcc/arm-none-eabi/4.8.4/../../../../arm-none-eabi/lib/armv7e-m/fpu/libm.a
LOAD /opt/Freescale/KDS_v3/toolchain/bin/../lib/gcc/arm-none-eabi/4.8.4/../../../../arm-none-eabi/lib/armv7e-m/fpu/libg_s.a
LOAD /opt/Freescale/KDS_v3/toolchain/bin/../lib/gcc/arm-none-eabi/4.8.4/armv7e-m/fpu/libgcc.a
LOAD /opt/Freescale/KDS_v3/toolchain/bin/../lib/gcc/arm-none-eabi/4.8.4/../../../../arm-none-eabi/lib/armv7e-m/fpu/libnosys.a
END GROUP
START GROUP
LOAD /opt/Freescale/KDS_v3/toolchain/bin/../lib/gcc/arm-none-eabi/4.8.4/armv7e-m/fpu/libgcc.a
LOAD /opt/Freescale/KDS_v3/toolchain/bin/../lib/gcc/arm-none-eabi/4.8.4/../../../../arm-none-eabi/lib/armv7e-m/fpu/libg_s.a
LOAD /opt/Freescale/KDS_v3/toolchain/bin/../lib/gcc/arm-none-eabi/4.8.4/../../../../arm-none-eabi/lib/armv7e-m/fpu/libc_s.a
END GROUP
START GROUP
LOAD /opt/Freescale/KDS_v3/toolchain/bin/../lib/gcc/arm-none-eabi/4.8.4/armv7e-m/fpu/libgcc.a
LOAD /opt/Freescale/KDS_v3/toolchain/bin/../lib/gcc/arm-none-eabi/4.8.4/../../../../arm-none-eabi/lib/armv7e-m/fpu/libc_s.a
END GROUP
LOAD /opt/Freescale/KDS_v3/toolchain/bin/../lib/gcc/arm-none-eabi/4.8.4/armv7e-m/fpu/crtend.o
LOAD /opt/Freescale/KDS_v3/toolchain/bin/../lib/gcc/arm-none-eabi/4.8.4/armv7e-m/fpu/crtn.o
                0x00000400                HEAP_SIZE = DEFINED (__heap_size__)?__heap_size__:0x400
                0x00000400                STACK_SIZE = DEFINED (__stack_size__)?__stack_size__:0x400
                0x00000000                M_VECTOR_RAM_SIZE = DEFINED (__ram_vector_table__)?0x400:0x0

.interrupts     0x00000000      0x400
                0x00000000                __VECTOR_TABLE = .
                0x00000000                . = ALIGN (0x4)
 *(.isr_vector)
 .isr_vector    0x00000000      0x400 ./startup/startup_MK22F51212.o
                0x00000000                __isr_vector
                0x00000400                . = ALIGN (0x4)

.flash_config   0x00000400       0x10
                0x00000400                . = ALIGN (0x4)
 *(.FlashConfig)
 .FlashConfig   0x00000400       0x10 ./startup/startup_MK22F51212.o
                0x00000410                . = ALIGN (0x4)

.text           0x00000410     0x4c94
                0x00000410                . = ALIGN (0x4)
 *(.text)
 .text          0x00000410       0x54 /opt/Freescale/KDS_v3/toolchain/bin/../lib/gcc/arm-none-eabi/4.8.4/armv7e-m/fpu/crtbegin.o
 .text          0x00000464       0x74 /opt/Freescale/KDS_v3/toolchain/bin/../lib/gcc/arm-none-eabi/4.8.4/../../../../arm-none-eabi/lib/armv7e-m/fpu/crt0.o
                0x00000464                _mainCRTStartup
                0x00000464                _start
 .text          0x000004d8       0x14 ./startup/startup_MK22F51212.o
                0x000004d8                Reset_Handler
                0x000004e8                Reserved96_IRQHandler
                0x000004e8                Reserved54_IRQHandler
                0x000004e8                DebugMon_Handler
                0x000004e8                I2C0_IRQHandler
                0x000004e8                HardFault_Handler
                0x000004e8                Reserved86_IRQHandler
                0x000004e8                Reserved85_IRQHandler
                0x000004e8                SysTick_Handler
                0x000004e8                PendSV_Handler
                0x000004e8                NMI_Handler
                0x000004e8                UART0_RX_TX_IRQHandler
                0x000004e8                I2C1_IRQHandler
                0x000004e8                DMA2_IRQHandler
                0x000004e8                Reserved99_IRQHandler
                0x000004e8                PIT0_IRQHandler
                0x000004e8                LLWU_IRQHandler
                0x000004e8                Reserved84_IRQHandler
                0x000004e8                Reserved92_IRQHandler
                0x000004e8                UART2_RX_TX_IRQHandler
                0x000004e8                SWI_IRQHandler
                0x000004e8                ADC0_IRQHandler
                0x000004e8                UsageFault_Handler
                0x000004e8                I2S0_Tx_IRQHandler
                0x000004e8                SPI1_IRQHandler
                0x000004e8                DefaultISR
                0x000004e8                DMA9_IRQHandler
                0x000004e8                DMA14_IRQHandler
                0x000004e8                Reserved82_IRQHandler
                0x000004e8                CMP1_IRQHandler
                0x000004e8                Reserved71_IRQHandler
                0x000004e8                PORTD_IRQHandler
                0x000004e8                PORTB_IRQHandler
                0x000004e8                Reserved70_IRQHandler
                0x000004e8                ADC1_IRQHandler
                0x000004e8                PIT2_IRQHandler
                0x000004e8                I2S0_Rx_IRQHandler
                0x000004e8                Reserved53_IRQHandler
                0x000004e8                DMA5_IRQHandler
                0x000004e8                RTC_IRQHandler
                0x000004e8                PDB0_IRQHandler
                0x000004e8                FTM1_IRQHandler
                0x000004e8                Reserved61_IRQHandler
                0x000004e8                Reserved95_IRQHandler
                0x000004e8                PIT3_IRQHandler
                0x000004e8                RTC_Seconds_IRQHandler
                0x000004e8                MCG_IRQHandler
                0x000004e8                UART2_ERR_IRQHandler
                0x000004e8                DMA11_IRQHandler
                0x000004e8                Read_Collision_IRQHandler
                0x000004e8                Reserved98_IRQHandler
                0x000004e8                DMA7_IRQHandler
                0x000004e8                Reserved101_IRQHandler
                0x000004e8                USB0_IRQHandler
                0x000004e8                WDOG_EWM_IRQHandler
                0x000004e8                MemManage_Handler
                0x000004e8                Reserved90_IRQHandler
                0x000004e8                Reserved83_IRQHandler
                0x000004e8                SVC_Handler
                0x000004e8                DMA13_IRQHandler
                0x000004e8                DMA3_IRQHandler
                0x000004e8                Reserved100_IRQHandler
                0x000004e8                RNG_IRQHandler
                0x000004e8                DMA0_IRQHandler
                0x000004e8                Reserved97_IRQHandler
                0x000004e8                Reserved91_IRQHandler
                0x000004e8                LPUART0_IRQHandler
                0x000004e8                DMA15_IRQHandler
                0x000004e8                DAC0_IRQHandler
                0x000004e8                Reserved81_IRQHandler
                0x000004e8                Reserved94_IRQHandler
                0x000004e8                DMA4_IRQHandler
                0x000004e8                PIT1_IRQHandler
                0x000004e8                UART0_ERR_IRQHandler
                0x000004e8                DMA_Error_IRQHandler
                0x000004e8                LVD_LVW_IRQHandler
                0x000004e8                SPI0_IRQHandler
                0x000004e8                FTM0_IRQHandler
                0x000004e8                PORTA_IRQHandler
                0x000004e8                DAC1_IRQHandler
                0x000004e8                MCM_IRQHandler
                0x000004e8                DMA12_IRQHandler
                0x000004e8                FTM3_IRQHandler
                0x000004e8                PORTE_IRQHandler
                0x000004e8                FTM2_IRQHandler
                0x000004e8                BusFault_Handler
                0x000004e8                DMA8_IRQHandler
                0x000004e8                Reserved93_IRQHandler
                0x000004e8                DMA10_IRQHandler
                0x000004e8                UART1_ERR_IRQHandler
                0x000004e8                UART1_RX_TX_IRQHandler
                0x000004e8                CMP0_IRQHandler
                0x000004e8                PORTC_IRQHandler
                0x000004e8                DMA6_IRQHandler
                0x000004e8                FTF_IRQHandler
                0x000004e8                DMA1_IRQHandler
 *(.text*)
 .text.UART_HAL_EnableTransmitter
                0x000004ec       0x24 ./utilities/fsl_debug_console.o
 .text.UART_HAL_EnableReceiver
                0x00000510       0x24 ./utilities/fsl_debug_console.o
 .text.UART_HAL_SetBitCountPerChar
                0x00000534       0x28 ./utilities/fsl_debug_console.o
 .text.LPUART_HAL_SetTransmitterCmd
                0x0000055c       0x28 ./utilities/fsl_debug_console.o
 .text.LPUART_HAL_SetReceiverCmd
                0x00000584       0x28 ./utilities/fsl_debug_console.o
 .text.LPUART_HAL_SetStopBitCount
                0x000005ac       0x24 ./utilities/fsl_debug_console.o
 .text.SIM_HAL_EnableClock
                0x000005d0       0x44 ./utilities/fsl_debug_console.o
 .text.CLOCK_SYS_EnableLpuartClock
                0x00000614       0x1c ./utilities/fsl_debug_console.o
 .text.DbgConsole_Init
                0x00000630      0x134 ./utilities/fsl_debug_console.o
                0x00000630                DbgConsole_Init
 .text._write   0x00000764       0x58 ./utilities/fsl_debug_console.o
                0x00000764                _write
 .text._read    0x000007bc       0x44 ./utilities/fsl_debug_console.o
                0x000007bc                _read
 .text.debug_printf
                0x00000800       0x48 ./utilities/fsl_debug_console.o
                0x00000800                debug_printf
 .text.debug_putc
                0x00000848       0x40 ./utilities/fsl_debug_console.o
 .text.debug_putchar
                0x00000888       0x2c ./utilities/fsl_debug_console.o
                0x00000888                debug_putchar
 .text.debug_getchar
                0x000008b4       0x34 ./utilities/fsl_debug_console.o
                0x000008b4                debug_getchar
 .text._sbrk    0x000008e8       0x5c ./utilities/fsl_misc_utilities.o
                0x000008e8                _sbrk
 .text._doprint
                0x00000944      0x754 ./utilities/print_scan.o
                0x00000944                _doprint
 .text.mknumstr
                0x00001098      0x110 ./utilities/print_scan.o
 .text.fput_pad
                0x000011a8       0x40 ./utilities/print_scan.o
 .text.init_data_bss
                0x000011e8       0xcc ./startup/startup.o
                0x000011e8                init_data_bss
 .text.SystemInit
                0x000012b4       0x3c ./startup/system_MK22F51212.o
                0x000012b4                SystemInit
 .text.LPTMR0_IRQHandler
                0x000012f0        0xc ./source/fsl_lptmr_irq.o
                0x000012f0                LPTMR0_IRQHandler
 .text.lptmr_call_back
                0x000012fc       0x14 ./source/main.o
                0x000012fc                lptmr_call_back
 .text.main     0x00001310       0x74 ./source/main.o
                0x00001310                main
 .text.PORT_HAL_SetMuxMode
                0x00001384       0x58 ./board/board.o
 .text.SMC_HAL_SetProtection
                0x000013dc       0x1c ./board/board.o
 .text.BOARD_InitOsc0
                0x000013f8       0x40 ./board/board.o
                0x000013f8                BOARD_InitOsc0
 .text.BOARD_InitRtcOsc
                0x00001438       0x24 ./board/board.o
                0x00001438                BOARD_InitRtcOsc
 .text.CLOCK_SetBootConfig
                0x0000145c       0x3c ./board/board.o
 .text.BOARD_ClockInit
                0x00001498       0x5c ./board/board.o
                0x00001498                BOARD_ClockInit
 .text.dbg_uart_init
                0x000014f4       0x18 ./board/board.o
                0x000014f4                dbg_uart_init
 .text.hardware_init
                0x0000150c       0x1c ./board/hardware_init.o
                0x0000150c                hardware_init
 .text.PORT_HAL_SetMuxMode
                0x00001528       0x58 ./board/pin_mux.o
 .text.configure_uart_pins
                0x00001580       0x30 ./board/pin_mux.o
                0x00001580                configure_uart_pins
 .text.UART_HAL_SetBaudRate
                0x000015b0       0xa0 /home/jacob/KSDK_1.3.0/examples/frdmk22f/demo_apps/hello_world/kds/../../../../../lib/ksdk_platform_lib/kds/K22F51212/debug/libksdk_platform.a(fsl_uart_hal.o)
                0x000015b0                UART_HAL_SetBaudRate
 .text.UART_HAL_SetParityMode
                0x00001650       0x40 /home/jacob/KSDK_1.3.0/examples/frdmk22f/demo_apps/hello_world/kds/../../../../../lib/ksdk_platform_lib/kds/K22F51212/debug/libksdk_platform.a(fsl_uart_hal.o)
                0x00001650                UART_HAL_SetParityMode
 .text.UART_HAL_Putchar
                0x00001690       0x28 /home/jacob/KSDK_1.3.0/examples/frdmk22f/demo_apps/hello_world/kds/../../../../../lib/ksdk_platform_lib/kds/K22F51212/debug/libksdk_platform.a(fsl_uart_hal.o)
                0x00001690                UART_HAL_Putchar
 .text.UART_HAL_Getchar
                0x000016b8       0x2c /home/jacob/KSDK_1.3.0/examples/frdmk22f/demo_apps/hello_world/kds/../../../../../lib/ksdk_platform_lib/kds/K22F51212/debug/libksdk_platform.a(fsl_uart_hal.o)
                0x000016b8                UART_HAL_Getchar
 .text.UART_HAL_SendDataPolling
                0x000016e4       0x44 /home/jacob/KSDK_1.3.0/examples/frdmk22f/demo_apps/hello_world/kds/../../../../../lib/ksdk_platform_lib/kds/K22F51212/debug/libksdk_platform.a(fsl_uart_hal.o)
                0x000016e4                UART_HAL_SendDataPolling
 .text.UART_HAL_ReceiveDataPolling
                0x00001728       0x78 /home/jacob/KSDK_1.3.0/examples/frdmk22f/demo_apps/hello_world/kds/../../../../../lib/ksdk_platform_lib/kds/K22F51212/debug/libksdk_platform.a(fsl_uart_hal.o)
                0x00001728                UART_HAL_ReceiveDataPolling
 .text.SMC_HAL_SetPowerModeRun
                0x000017a0       0x2c /home/jacob/KSDK_1.3.0/examples/frdmk22f/demo_apps/hello_world/kds/../../../../../lib/ksdk_platform_lib/kds/K22F51212/debug/libksdk_platform.a(fsl_smc_hal.o)
 .text.SMC_HAL_SetPowerModeVlpr
                0x000017cc       0x34 /home/jacob/KSDK_1.3.0/examples/frdmk22f/demo_apps/hello_world/kds/../../../../../lib/ksdk_platform_lib/kds/K22F51212/debug/libksdk_platform.a(fsl_smc_hal.o)
 .text.SMC_HAL_SetPowerModeHsrun
                0x00001800       0x2c /home/jacob/KSDK_1.3.0/examples/frdmk22f/demo_apps/hello_world/kds/../../../../../lib/ksdk_platform_lib/kds/K22F51212/debug/libksdk_platform.a(fsl_smc_hal.o)
 .text.SMC_HAL_SetMode
                0x0000182c      0x1d0 /home/jacob/KSDK_1.3.0/examples/frdmk22f/demo_apps/hello_world/kds/../../../../../lib/ksdk_platform_lib/kds/K22F51212/debug/libksdk_platform.a(fsl_smc_hal.o)
                0x0000182c                SMC_HAL_SetMode
 .text.SMC_HAL_GetStat
                0x000019fc       0x1c /home/jacob/KSDK_1.3.0/examples/frdmk22f/demo_apps/hello_world/kds/../../../../../lib/ksdk_platform_lib/kds/K22F51212/debug/libksdk_platform.a(fsl_smc_hal.o)
                0x000019fc                SMC_HAL_GetStat
 .text.LPUART_HAL_Putchar
                0x00001a18       0x1c /home/jacob/KSDK_1.3.0/examples/frdmk22f/demo_apps/hello_world/kds/../../../../../lib/ksdk_platform_lib/kds/K22F51212/debug/libksdk_platform.a(fsl_lpuart_hal.o)
 .text.LPUART_HAL_Getchar
                0x00001a34       0x20 /home/jacob/KSDK_1.3.0/examples/frdmk22f/demo_apps/hello_world/kds/../../../../../lib/ksdk_platform_lib/kds/K22F51212/debug/libksdk_platform.a(fsl_lpuart_hal.o)
 .text.LPUART_HAL_SetBaudRate
                0x00001a54      0x134 /home/jacob/KSDK_1.3.0/examples/frdmk22f/demo_apps/hello_world/kds/../../../../../lib/ksdk_platform_lib/kds/K22F51212/debug/libksdk_platform.a(fsl_lpuart_hal.o)
                0x00001a54                LPUART_HAL_SetBaudRate
 .text.LPUART_HAL_SetBitCountPerChar
                0x00001b88       0x4c /home/jacob/KSDK_1.3.0/examples/frdmk22f/demo_apps/hello_world/kds/../../../../../lib/ksdk_platform_lib/kds/K22F51212/debug/libksdk_platform.a(fsl_lpuart_hal.o)
                0x00001b88                LPUART_HAL_SetBitCountPerChar
 .text.LPUART_HAL_SetParityMode
                0x00001bd4       0x3c /home/jacob/KSDK_1.3.0/examples/frdmk22f/demo_apps/hello_world/kds/../../../../../lib/ksdk_platform_lib/kds/K22F51212/debug/libksdk_platform.a(fsl_lpuart_hal.o)
                0x00001bd4                LPUART_HAL_SetParityMode
 .text.LPUART_HAL_SendDataPolling
                0x00001c10       0x44 /home/jacob/KSDK_1.3.0/examples/frdmk22f/demo_apps/hello_world/kds/../../../../../lib/ksdk_platform_lib/kds/K22F51212/debug/libksdk_platform.a(fsl_lpuart_hal.o)
                0x00001c10                LPUART_HAL_SendDataPolling
 .text.LPUART_HAL_ReceiveDataPolling
                0x00001c54       0x70 /home/jacob/KSDK_1.3.0/examples/frdmk22f/demo_apps/hello_world/kds/../../../../../lib/ksdk_platform_lib/kds/K22F51212/debug/libksdk_platform.a(fsl_lpuart_hal.o)
                0x00001c54                LPUART_HAL_ReceiveDataPolling
 .text.NVIC_EnableIRQ
                0x00001cc4       0x30 /home/jacob/KSDK_1.3.0/examples/frdmk22f/demo_apps/hello_world/kds/../../../../../lib/ksdk_platform_lib/kds/K22F51212/debug/libksdk_platform.a(fsl_lptmr_driver.o)
 .text.NVIC_DisableIRQ
                0x00001cf4       0x34 /home/jacob/KSDK_1.3.0/examples/frdmk22f/demo_apps/hello_world/kds/../../../../../lib/ksdk_platform_lib/kds/K22F51212/debug/libksdk_platform.a(fsl_lptmr_driver.o)
 .text.LPTMR_HAL_Enable
                0x00001d28       0x20 /home/jacob/KSDK_1.3.0/examples/frdmk22f/demo_apps/hello_world/kds/../../../../../lib/ksdk_platform_lib/kds/K22F51212/debug/libksdk_platform.a(fsl_lptmr_driver.o)
 .text.LPTMR_HAL_Disable
                0x00001d48       0x20 /home/jacob/KSDK_1.3.0/examples/frdmk22f/demo_apps/hello_world/kds/../../../../../lib/ksdk_platform_lib/kds/K22F51212/debug/libksdk_platform.a(fsl_lptmr_driver.o)
 .text.LPTMR_HAL_ClearIntFlag
                0x00001d68       0x20 /home/jacob/KSDK_1.3.0/examples/frdmk22f/demo_apps/hello_world/kds/../../../../../lib/ksdk_platform_lib/kds/K22F51212/debug/libksdk_platform.a(fsl_lptmr_driver.o)
 .text.LPTMR_HAL_SetIntCmd
                0x00001d88       0x24 /home/jacob/KSDK_1.3.0/examples/frdmk22f/demo_apps/hello_world/kds/../../../../../lib/ksdk_platform_lib/kds/K22F51212/debug/libksdk_platform.a(fsl_lptmr_driver.o)
 .text.LPTMR_HAL_SetCompareValue
                0x00001dac       0x28 /home/jacob/KSDK_1.3.0/examples/frdmk22f/demo_apps/hello_world/kds/../../../../../lib/ksdk_platform_lib/kds/K22F51212/debug/libksdk_platform.a(fsl_lptmr_driver.o)
 .text.SIM_HAL_EnableClock
                0x00001dd4       0x44 /home/jacob/KSDK_1.3.0/examples/frdmk22f/demo_apps/hello_world/kds/../../../../../lib/ksdk_platform_lib/kds/K22F51212/debug/libksdk_platform.a(fsl_lptmr_driver.o)
 .text.SIM_HAL_GetGateCmd
                0x00001e18       0x4c /home/jacob/KSDK_1.3.0/examples/frdmk22f/demo_apps/hello_world/kds/../../../../../lib/ksdk_platform_lib/kds/K22F51212/debug/libksdk_platform.a(fsl_lptmr_driver.o)
 .text.INT_SYS_EnableIRQ
                0x00001e64       0x54 /home/jacob/KSDK_1.3.0/examples/frdmk22f/demo_apps/hello_world/kds/../../../../../lib/ksdk_platform_lib/kds/K22F51212/debug/libksdk_platform.a(fsl_lptmr_driver.o)
 .text.INT_SYS_DisableIRQ
                0x00001eb8       0x54 /home/jacob/KSDK_1.3.0/examples/frdmk22f/demo_apps/hello_world/kds/../../../../../lib/ksdk_platform_lib/kds/K22F51212/debug/libksdk_platform.a(fsl_lptmr_driver.o)
 .text.CLOCK_SYS_EnableLptmrClock
                0x00001f0c       0x1c /home/jacob/KSDK_1.3.0/examples/frdmk22f/demo_apps/hello_world/kds/../../../../../lib/ksdk_platform_lib/kds/K22F51212/debug/libksdk_platform.a(fsl_lptmr_driver.o)
 .text.CLOCK_SYS_GetLptmrGateCmd
                0x00001f28       0x20 /home/jacob/KSDK_1.3.0/examples/frdmk22f/demo_apps/hello_world/kds/../../../../../lib/ksdk_platform_lib/kds/K22F51212/debug/libksdk_platform.a(fsl_lptmr_driver.o)
 .text.LPTMR_DRV_Init
                0x00001f48      0x150 /home/jacob/KSDK_1.3.0/examples/frdmk22f/demo_apps/hello_world/kds/../../../../../lib/ksdk_platform_lib/kds/K22F51212/debug/libksdk_platform.a(fsl_lptmr_driver.o)
                0x00001f48                LPTMR_DRV_Init
 .text.LPTMR_DRV_Start
                0x00002098       0x60 /home/jacob/KSDK_1.3.0/examples/frdmk22f/demo_apps/hello_world/kds/../../../../../lib/ksdk_platform_lib/kds/K22F51212/debug/libksdk_platform.a(fsl_lptmr_driver.o)
                0x00002098                LPTMR_DRV_Start
 .text.LPTMR_DRV_SetTimerPeriodUs
                0x000020f8       0xe8 /home/jacob/KSDK_1.3.0/examples/frdmk22f/demo_apps/hello_world/kds/../../../../../lib/ksdk_platform_lib/kds/K22F51212/debug/libksdk_platform.a(fsl_lptmr_driver.o)
                0x000020f8                LPTMR_DRV_SetTimerPeriodUs
 .text.LPTMR_DRV_InstallCallback
                0x000021e0       0x68 /home/jacob/KSDK_1.3.0/examples/frdmk22f/demo_apps/hello_world/kds/../../../../../lib/ksdk_platform_lib/kds/K22F51212/debug/libksdk_platform.a(fsl_lptmr_driver.o)
                0x000021e0                LPTMR_DRV_InstallCallback
 .text.LPTMR_DRV_IRQHandler
                0x00002248       0x8c /home/jacob/KSDK_1.3.0/examples/frdmk22f/demo_apps/hello_world/kds/../../../../../lib/ksdk_platform_lib/kds/K22F51212/debug/libksdk_platform.a(fsl_lptmr_driver.o)
                0x00002248                LPTMR_DRV_IRQHandler
 .text.PORT_HAL_SetSlewRateMode
                0x000022d4       0x48 /home/jacob/KSDK_1.3.0/examples/frdmk22f/demo_apps/hello_world/kds/../../../../../lib/ksdk_platform_lib/kds/K22F51212/debug/libksdk_platform.a(fsl_gpio_driver.o)
 .text.PORT_HAL_SetOpenDrainCmd
                0x0000231c       0x48 /home/jacob/KSDK_1.3.0/examples/frdmk22f/demo_apps/hello_world/kds/../../../../../lib/ksdk_platform_lib/kds/K22F51212/debug/libksdk_platform.a(fsl_gpio_driver.o)
 .text.PORT_HAL_SetDriveStrengthMode
                0x00002364       0x48 /home/jacob/KSDK_1.3.0/examples/frdmk22f/demo_apps/hello_world/kds/../../../../../lib/ksdk_platform_lib/kds/K22F51212/debug/libksdk_platform.a(fsl_gpio_driver.o)
 .text.PORT_HAL_SetMuxMode
                0x000023ac       0x58 /home/jacob/KSDK_1.3.0/examples/frdmk22f/demo_apps/hello_world/kds/../../../../../lib/ksdk_platform_lib/kds/K22F51212/debug/libksdk_platform.a(fsl_gpio_driver.o)
 .text.GPIO_HAL_TogglePinOutput
                0x00002404       0x38 /home/jacob/KSDK_1.3.0/examples/frdmk22f/demo_apps/hello_world/kds/../../../../../lib/ksdk_platform_lib/kds/K22F51212/debug/libksdk_platform.a(fsl_gpio_driver.o)
 .text.GPIO_DRV_OutputPinInit
                0x0000243c       0x90 /home/jacob/KSDK_1.3.0/examples/frdmk22f/demo_apps/hello_world/kds/../../../../../lib/ksdk_platform_lib/kds/K22F51212/debug/libksdk_platform.a(fsl_gpio_driver.o)
                0x0000243c                GPIO_DRV_OutputPinInit
 .text.GPIO_DRV_TogglePinOutput
                0x000024cc       0x30 /home/jacob/KSDK_1.3.0/examples/frdmk22f/demo_apps/hello_world/kds/../../../../../lib/ksdk_platform_lib/kds/K22F51212/debug/libksdk_platform.a(fsl_gpio_driver.o)
                0x000024cc                GPIO_DRV_TogglePinOutput
 .text.SIM_HAL_EnableClock
                0x000024fc       0x44 /home/jacob/KSDK_1.3.0/examples/frdmk22f/demo_apps/hello_world/kds/../../../../../lib/ksdk_platform_lib/kds/K22F51212/debug/libksdk_platform.a(fsl_clock_MK22F51212.o)
 .text.CLOCK_HAL_GetLpuartSrc
                0x00002540       0x28 /home/jacob/KSDK_1.3.0/examples/frdmk22f/demo_apps/hello_world/kds/../../../../../lib/ksdk_platform_lib/kds/K22F51212/debug/libksdk_platform.a(fsl_clock_MK22F51212.o)
 .text.CLOCK_HAL_SetExternalRefClock32kSrc
                0x00002568       0x2c /home/jacob/KSDK_1.3.0/examples/frdmk22f/demo_apps/hello_world/kds/../../../../../lib/ksdk_platform_lib/kds/K22F51212/debug/libksdk_platform.a(fsl_clock_MK22F51212.o)
 .text.CLOCK_HAL_GetExternalRefClock32kSrc
                0x00002594       0x20 /home/jacob/KSDK_1.3.0/examples/frdmk22f/demo_apps/hello_world/kds/../../../../../lib/ksdk_platform_lib/kds/K22F51212/debug/libksdk_platform.a(fsl_clock_MK22F51212.o)
 .text.CLOCK_HAL_SetPllfllSel
                0x000025b4       0x38 /home/jacob/KSDK_1.3.0/examples/frdmk22f/demo_apps/hello_world/kds/../../../../../lib/ksdk_platform_lib/kds/K22F51212/debug/libksdk_platform.a(fsl_clock_MK22F51212.o)
 .text.CLOCK_HAL_GetPllfllSel
                0x000025ec       0x28 /home/jacob/KSDK_1.3.0/examples/frdmk22f/demo_apps/hello_world/kds/../../../../../lib/ksdk_platform_lib/kds/K22F51212/debug/libksdk_platform.a(fsl_clock_MK22F51212.o)
 .text.CLOCK_HAL_GetOutDiv1
                0x00002614       0x24 /home/jacob/KSDK_1.3.0/examples/frdmk22f/demo_apps/hello_world/kds/../../../../../lib/ksdk_platform_lib/kds/K22F51212/debug/libksdk_platform.a(fsl_clock_MK22F51212.o)
 .text.CLOCK_HAL_GetOutDiv2
                0x00002638       0x28 /home/jacob/KSDK_1.3.0/examples/frdmk22f/demo_apps/hello_world/kds/../../../../../lib/ksdk_platform_lib/kds/K22F51212/debug/libksdk_platform.a(fsl_clock_MK22F51212.o)
 .text.CLOCK_SYS_GetLpoClockFreq
                0x00002660       0x14 /home/jacob/KSDK_1.3.0/examples/frdmk22f/demo_apps/hello_world/kds/../../../../../lib/ksdk_platform_lib/kds/K22F51212/debug/libksdk_platform.a(fsl_clock_MK22F51212.o)
 .text.OSC_HAL_GetExternalRefClkCmd
                0x00002674       0x2c /home/jacob/KSDK_1.3.0/examples/frdmk22f/demo_apps/hello_world/kds/../../../../../lib/ksdk_platform_lib/kds/K22F51212/debug/libksdk_platform.a(fsl_clock_MK22F51212.o)
 .text.OSC_HAL_GetExternalRefClkDiv
                0x000026a0       0x20 /home/jacob/KSDK_1.3.0/examples/frdmk22f/demo_apps/hello_world/kds/../../../../../lib/ksdk_platform_lib/kds/K22F51212/debug/libksdk_platform.a(fsl_clock_MK22F51212.o)
 .text.CLOCK_SYS_SetSimConfigration
                0x000026c0       0x44 /home/jacob/KSDK_1.3.0/examples/frdmk22f/demo_apps/hello_world/kds/../../../../../lib/ksdk_platform_lib/kds/K22F51212/debug/libksdk_platform.a(fsl_clock_MK22F51212.o)
                0x000026c0                CLOCK_SYS_SetSimConfigration
 .text.CLOCK_SYS_GetSystemClockFreq
                0x00002704       0x28 /home/jacob/KSDK_1.3.0/examples/frdmk22f/demo_apps/hello_world/kds/../../../../../lib/ksdk_platform_lib/kds/K22F51212/debug/libksdk_platform.a(fsl_clock_MK22F51212.o)
                0x00002704                CLOCK_SYS_GetSystemClockFreq
 .text.CLOCK_SYS_GetBusClockFreq
                0x0000272c       0x28 /home/jacob/KSDK_1.3.0/examples/frdmk22f/demo_apps/hello_world/kds/../../../../../lib/ksdk_platform_lib/kds/K22F51212/debug/libksdk_platform.a(fsl_clock_MK22F51212.o)
                0x0000272c                CLOCK_SYS_GetBusClockFreq
 .text.CLOCK_SYS_GetPllFllClockFreq
                0x00002754       0x54 /home/jacob/KSDK_1.3.0/examples/frdmk22f/demo_apps/hello_world/kds/../../../../../lib/ksdk_platform_lib/kds/K22F51212/debug/libksdk_platform.a(fsl_clock_MK22F51212.o)
                0x00002754                CLOCK_SYS_GetPllFllClockFreq
 .text.CLOCK_SYS_GetExternalRefClock32kFreq
                0x000027a8       0x60 /home/jacob/KSDK_1.3.0/examples/frdmk22f/demo_apps/hello_world/kds/../../../../../lib/ksdk_platform_lib/kds/K22F51212/debug/libksdk_platform.a(fsl_clock_MK22F51212.o)
                0x000027a8                CLOCK_SYS_GetExternalRefClock32kFreq
 .text.CLOCK_SYS_GetOsc0ExternalRefClockUndivFreq
                0x00002808       0x28 /home/jacob/KSDK_1.3.0/examples/frdmk22f/demo_apps/hello_world/kds/../../../../../lib/ksdk_platform_lib/kds/K22F51212/debug/libksdk_platform.a(fsl_clock_MK22F51212.o)
                0x00002808                CLOCK_SYS_GetOsc0ExternalRefClockUndivFreq
 .text.CLOCK_SYS_GetOsc0ExternalRefClockFreq
                0x00002830       0x24 /home/jacob/KSDK_1.3.0/examples/frdmk22f/demo_apps/hello_world/kds/../../../../../lib/ksdk_platform_lib/kds/K22F51212/debug/libksdk_platform.a(fsl_clock_MK22F51212.o)
                0x00002830                CLOCK_SYS_GetOsc0ExternalRefClockFreq
 .text.CLOCK_SYS_GetLptmrFreq
                0x00002854       0x60 /home/jacob/KSDK_1.3.0/examples/frdmk22f/demo_apps/hello_world/kds/../../../../../lib/ksdk_platform_lib/kds/K22F51212/debug/libksdk_platform.a(fsl_clock_MK22F51212.o)
                0x00002854                CLOCK_SYS_GetLptmrFreq
 .text.CLOCK_SYS_GetLpuartFreq
                0x000028b4       0x54 /home/jacob/KSDK_1.3.0/examples/frdmk22f/demo_apps/hello_world/kds/../../../../../lib/ksdk_platform_lib/kds/K22F51212/debug/libksdk_platform.a(fsl_clock_MK22F51212.o)
                0x000028b4                CLOCK_SYS_GetLpuartFreq
 .text.CLOCK_SYS_GetUartFreq
                0x00002908       0x34 /home/jacob/KSDK_1.3.0/examples/frdmk22f/demo_apps/hello_world/kds/../../../../../lib/ksdk_platform_lib/kds/K22F51212/debug/libksdk_platform.a(fsl_clock_MK22F51212.o)
                0x00002908                CLOCK_SYS_GetUartFreq
 .text.CLOCK_SYS_EnablePortClock
                0x0000293c       0x48 /home/jacob/KSDK_1.3.0/examples/frdmk22f/demo_apps/hello_world/kds/../../../../../lib/ksdk_platform_lib/kds/K22F51212/debug/libksdk_platform.a(fsl_clock_MK22F51212.o)
                0x0000293c                CLOCK_SYS_EnablePortClock
 .text.CLOCK_SYS_EnableUartClock
                0x00002984       0x48 /home/jacob/KSDK_1.3.0/examples/frdmk22f/demo_apps/hello_world/kds/../../../../../lib/ksdk_platform_lib/kds/K22F51212/debug/libksdk_platform.a(fsl_clock_MK22F51212.o)
                0x00002984                CLOCK_SYS_EnableUartClock
 .text.SIM_HAL_EnableClock
                0x000029cc       0x44 /home/jacob/KSDK_1.3.0/examples/frdmk22f/demo_apps/hello_world/kds/../../../../../lib/ksdk_platform_lib/kds/K22F51212/debug/libksdk_platform.a(fsl_clock_manager.o)
 .text.CLOCK_HAL_SetClkOutSrc
                0x00002a10       0x30 /home/jacob/KSDK_1.3.0/examples/frdmk22f/demo_apps/hello_world/kds/../../../../../lib/ksdk_platform_lib/kds/K22F51212/debug/libksdk_platform.a(fsl_clock_manager.o)
 .text.CLOCK_HAL_SetClksFrdivIrefs
                0x00002a40       0x54 /home/jacob/KSDK_1.3.0/examples/frdmk22f/demo_apps/hello_world/kds/../../../../../lib/ksdk_platform_lib/kds/K22F51212/debug/libksdk_platform.a(fsl_clock_manager.o)
 .text.CLOCK_HAL_GetClkOutStat
                0x00002a94       0x24 /home/jacob/KSDK_1.3.0/examples/frdmk22f/demo_apps/hello_world/kds/../../../../../lib/ksdk_platform_lib/kds/K22F51212/debug/libksdk_platform.a(fsl_clock_manager.o)
 .text.CLOCK_HAL_GetFllSrc
                0x00002ab8       0x24 /home/jacob/KSDK_1.3.0/examples/frdmk22f/demo_apps/hello_world/kds/../../../../../lib/ksdk_platform_lib/kds/K22F51212/debug/libksdk_platform.a(fsl_clock_manager.o)
 .text.CLOCK_HAL_IsOsc0Stable
                0x00002adc       0x30 /home/jacob/KSDK_1.3.0/examples/frdmk22f/demo_apps/hello_world/kds/../../../../../lib/ksdk_platform_lib/kds/K22F51212/debug/libksdk_platform.a(fsl_clock_manager.o)
 .text.OSC_HAL_SetExternalRefClkCmd
                0x00002b0c       0x24 /home/jacob/KSDK_1.3.0/examples/frdmk22f/demo_apps/hello_world/kds/../../../../../lib/ksdk_platform_lib/kds/K22F51212/debug/libksdk_platform.a(fsl_clock_manager.o)
 .text.OSC_HAL_SetExternalRefClkInStopModeCmd
                0x00002b30       0x24 /home/jacob/KSDK_1.3.0/examples/frdmk22f/demo_apps/hello_world/kds/../../../../../lib/ksdk_platform_lib/kds/K22F51212/debug/libksdk_platform.a(fsl_clock_manager.o)
 .text.OSC_HAL_SetExternalRefClkDiv
                0x00002b54       0x30 /home/jacob/KSDK_1.3.0/examples/frdmk22f/demo_apps/hello_world/kds/../../../../../lib/ksdk_platform_lib/kds/K22F51212/debug/libksdk_platform.a(fsl_clock_manager.o)
 .text.CLOCK_SYS_EnableRtcClock
                0x00002b84       0x1c /home/jacob/KSDK_1.3.0/examples/frdmk22f/demo_apps/hello_world/kds/../../../../../lib/ksdk_platform_lib/kds/K22F51212/debug/libksdk_platform.a(fsl_clock_manager.o)
 .text.RTC_HAL_SetOsc2pfLoadCmd
                0x00002ba0       0x28 /home/jacob/KSDK_1.3.0/examples/frdmk22f/demo_apps/hello_world/kds/../../../../../lib/ksdk_platform_lib/kds/K22F51212/debug/libksdk_platform.a(fsl_clock_manager.o)
 .text.RTC_HAL_SetOsc4pfLoadCmd
                0x00002bc8       0x28 /home/jacob/KSDK_1.3.0/examples/frdmk22f/demo_apps/hello_world/kds/../../../../../lib/ksdk_platform_lib/kds/K22F51212/debug/libksdk_platform.a(fsl_clock_manager.o)
 .text.RTC_HAL_SetOsc8pfLoadCmd
                0x00002bf0       0x28 /home/jacob/KSDK_1.3.0/examples/frdmk22f/demo_apps/hello_world/kds/../../../../../lib/ksdk_platform_lib/kds/K22F51212/debug/libksdk_platform.a(fsl_clock_manager.o)
 .text.RTC_HAL_SetOsc16pfLoadCmd
                0x00002c18       0x28 /home/jacob/KSDK_1.3.0/examples/frdmk22f/demo_apps/hello_world/kds/../../../../../lib/ksdk_platform_lib/kds/K22F51212/debug/libksdk_platform.a(fsl_clock_manager.o)
 .text.RTC_HAL_SetOscillatorCmd
                0x00002c40       0x28 /home/jacob/KSDK_1.3.0/examples/frdmk22f/demo_apps/hello_world/kds/../../../../../lib/ksdk_platform_lib/kds/K22F51212/debug/libksdk_platform.a(fsl_clock_manager.o)
 .text.RTC_HAL_IsOscillatorEnabled
                0x00002c68       0x2c /home/jacob/KSDK_1.3.0/examples/frdmk22f/demo_apps/hello_world/kds/../../../../../lib/ksdk_platform_lib/kds/K22F51212/debug/libksdk_platform.a(fsl_clock_manager.o)
 .text.CLOCK_SYS_BootToPee
                0x00002c94       0xa4 /home/jacob/KSDK_1.3.0/examples/frdmk22f/demo_apps/hello_world/kds/../../../../../lib/ksdk_platform_lib/kds/K22F51212/debug/libksdk_platform.a(fsl_clock_manager.o)
                0x00002c94                CLOCK_SYS_BootToPee
 .text.CLOCK_SYS_OscInit
                0x00002d38       0xe8 /home/jacob/KSDK_1.3.0/examples/frdmk22f/demo_apps/hello_world/kds/../../../../../lib/ksdk_platform_lib/kds/K22F51212/debug/libksdk_platform.a(fsl_clock_manager.o)
                0x00002d38                CLOCK_SYS_OscInit
 .text.CLOCK_SYS_SetOscerConfigration
                0x00002e20       0x50 /home/jacob/KSDK_1.3.0/examples/frdmk22f/demo_apps/hello_world/kds/../../../../../lib/ksdk_platform_lib/kds/K22F51212/debug/libksdk_platform.a(fsl_clock_manager.o)
                0x00002e20                CLOCK_SYS_SetOscerConfigration
 .text.CLOCK_SYS_RtcOscInit
                0x00002e70       0xa0 /home/jacob/KSDK_1.3.0/examples/frdmk22f/demo_apps/hello_world/kds/../../../../../lib/ksdk_platform_lib/kds/K22F51212/debug/libksdk_platform.a(fsl_clock_manager.o)
                0x00002e70                CLOCK_SYS_RtcOscInit
 .text.CLOCK_HAL_SetOutDiv
                0x00002f10       0x5c /home/jacob/KSDK_1.3.0/examples/frdmk22f/demo_apps/hello_world/kds/../../../../../lib/ksdk_platform_lib/kds/K22F51212/debug/libksdk_platform.a(fsl_sim_hal_MK22F51212.o)
                0x00002f10                CLOCK_HAL_SetOutDiv
 .text.OSC_HAL_SetCapacitor
                0x00002f6c       0x2c /home/jacob/KSDK_1.3.0/examples/frdmk22f/demo_apps/hello_world/kds/../../../../../lib/ksdk_platform_lib/kds/K22F51212/debug/libksdk_platform.a(fsl_osc_hal.o)
                0x00002f6c                OSC_HAL_SetCapacitor
 .text.CLOCK_HAL_GetClkOutStat
                0x00002f98       0x24 /home/jacob/KSDK_1.3.0/examples/frdmk22f/demo_apps/hello_world/kds/../../../../../lib/ksdk_platform_lib/kds/K22F51212/debug/libksdk_platform.a(fsl_mcg_hal.o)
 .text.CLOCK_HAL_SetInternalRefClkMode
                0x00002fbc       0x24 /home/jacob/KSDK_1.3.0/examples/frdmk22f/demo_apps/hello_world/kds/../../../../../lib/ksdk_platform_lib/kds/K22F51212/debug/libksdk_platform.a(fsl_mcg_hal.o)
 .text.CLOCK_HAL_GetInternalRefClkMode
                0x00002fe0       0x24 /home/jacob/KSDK_1.3.0/examples/frdmk22f/demo_apps/hello_world/kds/../../../../../lib/ksdk_platform_lib/kds/K22F51212/debug/libksdk_platform.a(fsl_mcg_hal.o)
 .text.CLOCK_HAL_IsPllSelected
                0x00003004       0x30 /home/jacob/KSDK_1.3.0/examples/frdmk22f/demo_apps/hello_world/kds/../../../../../lib/ksdk_platform_lib/kds/K22F51212/debug/libksdk_platform.a(fsl_mcg_hal.o)
 .text.CLOCK_HAL_IsOsc0Stable
                0x00003034       0x30 /home/jacob/KSDK_1.3.0/examples/frdmk22f/demo_apps/hello_world/kds/../../../../../lib/ksdk_platform_lib/kds/K22F51212/debug/libksdk_platform.a(fsl_mcg_hal.o)
 .text.CLOCK_HAL_TestOscFreq
                0x00003064       0x50 /home/jacob/KSDK_1.3.0/examples/frdmk22f/demo_apps/hello_world/kds/../../../../../lib/ksdk_platform_lib/kds/K22F51212/debug/libksdk_platform.a(fsl_mcg_hal.o)
                0x00003064                CLOCK_HAL_TestOscFreq
 .text.CLOCK_HAL_PrepareOsc
                0x000030b4       0x5c /home/jacob/KSDK_1.3.0/examples/frdmk22f/demo_apps/hello_world/kds/../../../../../lib/ksdk_platform_lib/kds/K22F51212/debug/libksdk_platform.a(fsl_mcg_hal.o)
                0x000030b4                CLOCK_HAL_PrepareOsc
 .text.CLOCK_HAL_GetMcgExternalClkFreq
                0x00003110       0x28 /home/jacob/KSDK_1.3.0/examples/frdmk22f/demo_apps/hello_world/kds/../../../../../lib/ksdk_platform_lib/kds/K22F51212/debug/libksdk_platform.a(fsl_mcg_hal.o)
 .text.CLOCK_HAL_TestFllExternalRefFreq
                0x00003138       0x90 /home/jacob/KSDK_1.3.0/examples/frdmk22f/demo_apps/hello_world/kds/../../../../../lib/ksdk_platform_lib/kds/K22F51212/debug/libksdk_platform.a(fsl_mcg_hal.o)
                0x00003138                CLOCK_HAL_TestFllExternalRefFreq
 .text.CLOCK_HAL_GetFllRefClk
                0x000031c8       0x74 /home/jacob/KSDK_1.3.0/examples/frdmk22f/demo_apps/hello_world/kds/../../../../../lib/ksdk_platform_lib/kds/K22F51212/debug/libksdk_platform.a(fsl_mcg_hal.o)
                0x000031c8                CLOCK_HAL_GetFllRefClk
 .text.CLOCK_HAL_TestFllFreq
                0x0000323c       0x5c /home/jacob/KSDK_1.3.0/examples/frdmk22f/demo_apps/hello_world/kds/../../../../../lib/ksdk_platform_lib/kds/K22F51212/debug/libksdk_platform.a(fsl_mcg_hal.o)
                0x0000323c                CLOCK_HAL_TestFllFreq
 .text.CLOCK_HAL_GetFllClk
                0x00003298       0x60 /home/jacob/KSDK_1.3.0/examples/frdmk22f/demo_apps/hello_world/kds/../../../../../lib/ksdk_platform_lib/kds/K22F51212/debug/libksdk_platform.a(fsl_mcg_hal.o)
                0x00003298                CLOCK_HAL_GetFllClk
 .text.CLOCK_HAL_UpdateFastClkInternalRefDiv
                0x000032f8       0xa4 /home/jacob/KSDK_1.3.0/examples/frdmk22f/demo_apps/hello_world/kds/../../../../../lib/ksdk_platform_lib/kds/K22F51212/debug/libksdk_platform.a(fsl_mcg_hal.o)
                0x000032f8                CLOCK_HAL_UpdateFastClkInternalRefDiv
 .text.CLOCK_HAL_UpdateInternalRefClk
                0x0000339c       0x70 /home/jacob/KSDK_1.3.0/examples/frdmk22f/demo_apps/hello_world/kds/../../../../../lib/ksdk_platform_lib/kds/K22F51212/debug/libksdk_platform.a(fsl_mcg_hal.o)
                0x0000339c                CLOCK_HAL_UpdateInternalRefClk
 .text.CLOCK_HAL_GetPll0RefFreq
                0x0000340c       0x18 /home/jacob/KSDK_1.3.0/examples/frdmk22f/demo_apps/hello_world/kds/../../../../../lib/ksdk_platform_lib/kds/K22F51212/debug/libksdk_platform.a(fsl_mcg_hal.o)
                0x0000340c                CLOCK_HAL_GetPll0RefFreq
 .text.CLOCK_HAL_GetPll0Clk
                0x00003424       0x7c /home/jacob/KSDK_1.3.0/examples/frdmk22f/demo_apps/hello_world/kds/../../../../../lib/ksdk_platform_lib/kds/K22F51212/debug/libksdk_platform.a(fsl_mcg_hal.o)
                0x00003424                CLOCK_HAL_GetPll0Clk
 .text.CLOCK_HAL_GetInternalRefClk
                0x000034a0       0x64 /home/jacob/KSDK_1.3.0/examples/frdmk22f/demo_apps/hello_world/kds/../../../../../lib/ksdk_platform_lib/kds/K22F51212/debug/libksdk_platform.a(fsl_mcg_hal.o)
                0x000034a0                CLOCK_HAL_GetInternalRefClk
 .text.CLOCK_HAL_GetOutClk
                0x00003504       0x68 /home/jacob/KSDK_1.3.0/examples/frdmk22f/demo_apps/hello_world/kds/../../../../../lib/ksdk_platform_lib/kds/K22F51212/debug/libksdk_platform.a(fsl_mcg_hal.o)
                0x00003504                CLOCK_HAL_GetOutClk
 .text.CLOCK_HAL_SetOsc0Mode
                0x0000356c       0x58 /home/jacob/KSDK_1.3.0/examples/frdmk22f/demo_apps/hello_world/kds/../../../../../lib/ksdk_platform_lib/kds/K22F51212/debug/libksdk_platform.a(fsl_mcg_hal.o)
                0x0000356c                CLOCK_HAL_SetOsc0Mode
 .text.CLOCK_HAL_GetClkOutStat
                0x000035c4       0x24 /home/jacob/KSDK_1.3.0/examples/frdmk22f/demo_apps/hello_world/kds/../../../../../lib/ksdk_platform_lib/kds/K22F51212/debug/libksdk_platform.a(fsl_mcg_hal_modes.o)
 .text.CLOCK_HAL_SetPll0EnableCmd
                0x000035e8       0x28 /home/jacob/KSDK_1.3.0/examples/frdmk22f/demo_apps/hello_world/kds/../../../../../lib/ksdk_platform_lib/kds/K22F51212/debug/libksdk_platform.a(fsl_mcg_hal_modes.o)
 .text.CLOCK_HAL_IsPll0Locked
                0x00003610       0x30 /home/jacob/KSDK_1.3.0/examples/frdmk22f/demo_apps/hello_world/kds/../../../../../lib/ksdk_platform_lib/kds/K22F51212/debug/libksdk_platform.a(fsl_mcg_hal_modes.o)
 .text.CLOCK_HAL_IsPllSelected
                0x00003640       0x30 /home/jacob/KSDK_1.3.0/examples/frdmk22f/demo_apps/hello_world/kds/../../../../../lib/ksdk_platform_lib/kds/K22F51212/debug/libksdk_platform.a(fsl_mcg_hal_modes.o)
 .text.CLOCK_HAL_SetPbeMode
                0x00003670       0xec /home/jacob/KSDK_1.3.0/examples/frdmk22f/demo_apps/hello_world/kds/../../../../../lib/ksdk_platform_lib/kds/K22F51212/debug/libksdk_platform.a(fsl_mcg_hal_modes.o)
                0x00003670                CLOCK_HAL_SetPbeMode
 .text.LPTMR_HAL_SetTimerWorkingMode
                0x0000375c       0x54 /home/jacob/KSDK_1.3.0/examples/frdmk22f/demo_apps/hello_world/kds/../../../../../lib/ksdk_platform_lib/kds/K22F51212/debug/libksdk_platform.a(fsl_lptmr_hal.o)
                0x0000375c                LPTMR_HAL_SetTimerWorkingMode
 .text.LPTMR_HAL_SetPrescalerMode
                0x000037b0       0x38 /home/jacob/KSDK_1.3.0/examples/frdmk22f/demo_apps/hello_world/kds/../../../../../lib/ksdk_platform_lib/kds/K22F51212/debug/libksdk_platform.a(fsl_lptmr_hal.o)
                0x000037b0                LPTMR_HAL_SetPrescalerMode
 .text.GPIO_HAL_SetPinDir
                0x000037e8       0x60 /home/jacob/KSDK_1.3.0/examples/frdmk22f/demo_apps/hello_world/kds/../../../../../lib/ksdk_platform_lib/kds/K22F51212/debug/libksdk_platform.a(fsl_gpio_hal.o)
                0x000037e8                GPIO_HAL_SetPinDir
 .text.GPIO_HAL_WritePinOutput
                0x00003848       0x4c /home/jacob/KSDK_1.3.0/examples/frdmk22f/demo_apps/hello_world/kds/../../../../../lib/ksdk_platform_lib/kds/K22F51212/debug/libksdk_platform.a(fsl_gpio_hal.o)
                0x00003848                GPIO_HAL_WritePinOutput
 .text.__assert_func
                0x00003894       0x38 /opt/Freescale/KDS_v3/toolchain/bin/../lib/gcc/arm-none-eabi/4.8.4/../../../../arm-none-eabi/lib/armv7e-m/fpu/libg_s.a(lib_a-assert.o)
                0x00003894                __assert_func
 .text.__errno  0x000038cc        0xc /opt/Freescale/KDS_v3/toolchain/bin/../lib/gcc/arm-none-eabi/4.8.4/../../../../arm-none-eabi/lib/armv7e-m/fpu/libg_s.a(lib_a-errno.o)
                0x000038cc                __errno
 .text.exit     0x000038d8       0x28 /opt/Freescale/KDS_v3/toolchain/bin/../lib/gcc/arm-none-eabi/4.8.4/../../../../arm-none-eabi/lib/armv7e-m/fpu/libg_s.a(lib_a-exit.o)
                0x000038d8                exit
 .text.fprintf  0x00003900       0x24 /opt/Freescale/KDS_v3/toolchain/bin/../lib/gcc/arm-none-eabi/4.8.4/../../../../arm-none-eabi/lib/armv7e-m/fpu/libg_s.a(lib_a-fprintf.o)
                0x00003900                fprintf
                0x00003900                fiprintf
 .text.__libc_init_array
                0x00003924       0x4c /opt/Freescale/KDS_v3/toolchain/bin/../lib/gcc/arm-none-eabi/4.8.4/../../../../arm-none-eabi/lib/armv7e-m/fpu/libg_s.a(lib_a-init.o)
                0x00003924                __libc_init_array
 .text.memset   0x00003970       0x10 /opt/Freescale/KDS_v3/toolchain/bin/../lib/gcc/arm-none-eabi/4.8.4/../../../../arm-none-eabi/lib/armv7e-m/fpu/libg_s.a(lib_a-memset.o)
                0x00003970                memset
 .text._free_r  0x00003980       0x88 /opt/Freescale/KDS_v3/toolchain/bin/../lib/gcc/arm-none-eabi/4.8.4/../../../../arm-none-eabi/lib/armv7e-m/fpu/libg_s.a(lib_a-nano-freer.o)
                0x00003980                _free_r
 .text._malloc_r
                0x00003a08       0xa8 /opt/Freescale/KDS_v3/toolchain/bin/../lib/gcc/arm-none-eabi/4.8.4/../../../../arm-none-eabi/lib/armv7e-m/fpu/libg_s.a(lib_a-nano-mallocr.o)
                0x00003a08                _malloc_r
 .text._sbrk_r  0x00003ab0       0x20 /opt/Freescale/KDS_v3/toolchain/bin/../lib/gcc/arm-none-eabi/4.8.4/../../../../arm-none-eabi/lib/armv7e-m/fpu/libg_s.a(lib_a-sbrkr.o)
                0x00003ab0                _sbrk_r
 .text.strlen   0x00003ad0       0x10 /opt/Freescale/KDS_v3/toolchain/bin/../lib/gcc/arm-none-eabi/4.8.4/../../../../arm-none-eabi/lib/armv7e-m/fpu/libg_s.a(lib_a-strlen.o)
                0x00003ad0                strlen
 .text.__sfputc_r
                0x00003ae0       0x2c /opt/Freescale/KDS_v3/toolchain/bin/../lib/gcc/arm-none-eabi/4.8.4/../../../../arm-none-eabi/lib/armv7e-m/fpu/libg_s.a(lib_a-vfprintf.o)
 .text.__sfputs_r
                0x00003b0c       0x24 /opt/Freescale/KDS_v3/toolchain/bin/../lib/gcc/arm-none-eabi/4.8.4/../../../../arm-none-eabi/lib/armv7e-m/fpu/libg_s.a(lib_a-vfprintf.o)
                0x00003b0c                __sfputs_r
 .text._vfprintf_r
                0x00003b30      0x208 /opt/Freescale/KDS_v3/toolchain/bin/../lib/gcc/arm-none-eabi/4.8.4/../../../../arm-none-eabi/lib/armv7e-m/fpu/libg_s.a(lib_a-vfprintf.o)
                0x00003b30                _vfiprintf_r
                0x00003b30                _vfprintf_r
 .text._printf_common
                0x00003d38       0xe4 /opt/Freescale/KDS_v3/toolchain/bin/../lib/gcc/arm-none-eabi/4.8.4/../../../../arm-none-eabi/lib/armv7e-m/fpu/libg_s.a(lib_a-vfprintf_i.o)
                0x00003d38                _printf_common
 .text._printf_i
                0x00003e1c      0x228 /opt/Freescale/KDS_v3/toolchain/bin/../lib/gcc/arm-none-eabi/4.8.4/../../../../arm-none-eabi/lib/armv7e-m/fpu/libg_s.a(lib_a-vfprintf_i.o)
                0x00003e1c                _printf_i
 .text.__swbuf_r
                0x00004044       0xa8 /opt/Freescale/KDS_v3/toolchain/bin/../lib/gcc/arm-none-eabi/4.8.4/../../../../arm-none-eabi/lib/armv7e-m/fpu/libg_s.a(lib_a-wbuf.o)
                0x00004044                __swbuf_r
 .text.__swsetup_r
                0x000040ec       0xdc /opt/Freescale/KDS_v3/toolchain/bin/../lib/gcc/arm-none-eabi/4.8.4/../../../../arm-none-eabi/lib/armv7e-m/fpu/libg_s.a(lib_a-wsetup.o)
                0x000040ec                __swsetup_r
 .text.abort    0x000041c8        0xe /opt/Freescale/KDS_v3/toolchain/bin/../lib/gcc/arm-none-eabi/4.8.4/../../../../arm-none-eabi/lib/armv7e-m/fpu/libg_s.a(lib_a-abort.o)
                0x000041c8                abort
 .text.__sflush_r
                0x000041d6      0x106 /opt/Freescale/KDS_v3/toolchain/bin/../lib/gcc/arm-none-eabi/4.8.4/../../../../arm-none-eabi/lib/armv7e-m/fpu/libg_s.a(lib_a-fflush.o)
                0x000041d6                __sflush_r
 .text._fflush_r
                0x000042dc       0x54 /opt/Freescale/KDS_v3/toolchain/bin/../lib/gcc/arm-none-eabi/4.8.4/../../../../arm-none-eabi/lib/armv7e-m/fpu/libg_s.a(lib_a-fflush.o)
                0x000042dc                _fflush_r
 .text._cleanup_r
                0x00004330       0x32 /opt/Freescale/KDS_v3/toolchain/bin/../lib/gcc/arm-none-eabi/4.8.4/../../../../arm-none-eabi/lib/armv7e-m/fpu/libg_s.a(lib_a-findfp.o)
                0x00004330                _cleanup_r
 *fill*         0x00004362        0x2 
 .text.std.isra.0
                0x00004364       0x48 /opt/Freescale/KDS_v3/toolchain/bin/../lib/gcc/arm-none-eabi/4.8.4/../../../../arm-none-eabi/lib/armv7e-m/fpu/libg_s.a(lib_a-findfp.o)
 .text.__sfmoreglue
                0x000043ac       0x2c /opt/Freescale/KDS_v3/toolchain/bin/../lib/gcc/arm-none-eabi/4.8.4/../../../../arm-none-eabi/lib/armv7e-m/fpu/libg_s.a(lib_a-findfp.o)
                0x000043ac                __sfmoreglue
 .text.__sinit  0x000043d8       0x60 /opt/Freescale/KDS_v3/toolchain/bin/../lib/gcc/arm-none-eabi/4.8.4/../../../../arm-none-eabi/lib/armv7e-m/fpu/libg_s.a(lib_a-findfp.o)
                0x000043d8                __sinit
 .text.__sfp    0x00004438       0x74 /opt/Freescale/KDS_v3/toolchain/bin/../lib/gcc/arm-none-eabi/4.8.4/../../../../arm-none-eabi/lib/armv7e-m/fpu/libg_s.a(lib_a-findfp.o)
                0x00004438                __sfp
 .text.__smakebuf_r
                0x000044ac       0x9c /opt/Freescale/KDS_v3/toolchain/bin/../lib/gcc/arm-none-eabi/4.8.4/../../../../arm-none-eabi/lib/armv7e-m/fpu/libg_s.a(lib_a-makebuf.o)
                0x000044ac                __smakebuf_r
 .text.memchr   0x00004548       0x1e /opt/Freescale/KDS_v3/toolchain/bin/../lib/gcc/arm-none-eabi/4.8.4/../../../../arm-none-eabi/lib/armv7e-m/fpu/libg_s.a(lib_a-memchr-stub.o)
                0x00004548                memchr
 .text._raise_r
                0x00004566       0x50 /opt/Freescale/KDS_v3/toolchain/bin/../lib/gcc/arm-none-eabi/4.8.4/../../../../arm-none-eabi/lib/armv7e-m/fpu/libg_s.a(lib_a-signal.o)
                0x00004566                _raise_r
 *fill*         0x000045b6        0x2 
 .text.raise    0x000045b8       0x10 /opt/Freescale/KDS_v3/toolchain/bin/../lib/gcc/arm-none-eabi/4.8.4/../../../../arm-none-eabi/lib/armv7e-m/fpu/libg_s.a(lib_a-signal.o)
                0x000045b8                raise
 .text._kill_r  0x000045c8       0x24 /opt/Freescale/KDS_v3/toolchain/bin/../lib/gcc/arm-none-eabi/4.8.4/../../../../arm-none-eabi/lib/armv7e-m/fpu/libg_s.a(lib_a-signalr.o)
                0x000045c8                _kill_r
 .text._getpid_r
                0x000045ec        0x4 /opt/Freescale/KDS_v3/toolchain/bin/../lib/gcc/arm-none-eabi/4.8.4/../../../../arm-none-eabi/lib/armv7e-m/fpu/libg_s.a(lib_a-signalr.o)
                0x000045ec                _getpid_r
 .text.__sread  0x000045f0       0x22 /opt/Freescale/KDS_v3/toolchain/bin/../lib/gcc/arm-none-eabi/4.8.4/../../../../arm-none-eabi/lib/armv7e-m/fpu/libg_s.a(lib_a-stdio.o)
                0x000045f0                __sread
 .text.__swrite
                0x00004612       0x38 /opt/Freescale/KDS_v3/toolchain/bin/../lib/gcc/arm-none-eabi/4.8.4/../../../../arm-none-eabi/lib/armv7e-m/fpu/libg_s.a(lib_a-stdio.o)
                0x00004612                __swrite
 .text.__sseek  0x0000464a       0x24 /opt/Freescale/KDS_v3/toolchain/bin/../lib/gcc/arm-none-eabi/4.8.4/../../../../arm-none-eabi/lib/armv7e-m/fpu/libg_s.a(lib_a-stdio.o)
                0x0000464a                __sseek
 .text.__sclose
                0x0000466e        0x8 /opt/Freescale/KDS_v3/toolchain/bin/../lib/gcc/arm-none-eabi/4.8.4/../../../../arm-none-eabi/lib/armv7e-m/fpu/libg_s.a(lib_a-stdio.o)
                0x0000466e                __sclose
 *fill*         0x00004676        0x2 
 .text._write_r
                0x00004678       0x24 /opt/Freescale/KDS_v3/toolchain/bin/../lib/gcc/arm-none-eabi/4.8.4/../../../../arm-none-eabi/lib/armv7e-m/fpu/libg_s.a(lib_a-writer.o)
                0x00004678                _write_r
 .text._close_r
                0x0000469c       0x20 /opt/Freescale/KDS_v3/toolchain/bin/../lib/gcc/arm-none-eabi/4.8.4/../../../../arm-none-eabi/lib/armv7e-m/fpu/libg_s.a(lib_a-closer.o)
                0x0000469c                _close_r
 .text._fstat_r
                0x000046bc       0x24 /opt/Freescale/KDS_v3/toolchain/bin/../lib/gcc/arm-none-eabi/4.8.4/../../../../arm-none-eabi/lib/armv7e-m/fpu/libg_s.a(lib_a-fstatr.o)
                0x000046bc                _fstat_r
 .text._isatty_r
                0x000046e0       0x20 /opt/Freescale/KDS_v3/toolchain/bin/../lib/gcc/arm-none-eabi/4.8.4/../../../../arm-none-eabi/lib/armv7e-m/fpu/libg_s.a(lib_a-isattyr.o)
                0x000046e0                _isatty_r
 .text._lseek_r
                0x00004700       0x24 /opt/Freescale/KDS_v3/toolchain/bin/../lib/gcc/arm-none-eabi/4.8.4/../../../../arm-none-eabi/lib/armv7e-m/fpu/libg_s.a(lib_a-lseekr.o)
                0x00004700                _lseek_r
 .text._read_r  0x00004724       0x24 /opt/Freescale/KDS_v3/toolchain/bin/../lib/gcc/arm-none-eabi/4.8.4/../../../../arm-none-eabi/lib/armv7e-m/fpu/libg_s.a(lib_a-readr.o)
                0x00004724                _read_r
 .text._close   0x00004748       0x10 /opt/Freescale/KDS_v3/toolchain/bin/../lib/gcc/arm-none-eabi/4.8.4/../../../../arm-none-eabi/lib/armv7e-m/fpu/libnosys.a(close.o)
                0x00004748                _close
 .text._fstat   0x00004758       0x10 /opt/Freescale/KDS_v3/toolchain/bin/../lib/gcc/arm-none-eabi/4.8.4/../../../../arm-none-eabi/lib/armv7e-m/fpu/libnosys.a(fstat.o)
                0x00004758                _fstat
 .text._getpid  0x00004768       0x10 /opt/Freescale/KDS_v3/toolchain/bin/../lib/gcc/arm-none-eabi/4.8.4/../../../../arm-none-eabi/lib/armv7e-m/fpu/libnosys.a(getpid.o)
                0x00004768                _getpid
 .text._isatty  0x00004778       0x10 /opt/Freescale/KDS_v3/toolchain/bin/../lib/gcc/arm-none-eabi/4.8.4/../../../../arm-none-eabi/lib/armv7e-m/fpu/libnosys.a(isatty.o)
                0x00004778                _isatty
 .text._kill    0x00004788       0x10 /opt/Freescale/KDS_v3/toolchain/bin/../lib/gcc/arm-none-eabi/4.8.4/../../../../arm-none-eabi/lib/armv7e-m/fpu/libnosys.a(kill.o)
                0x00004788                _kill
 .text._lseek   0x00004798       0x10 /opt/Freescale/KDS_v3/toolchain/bin/../lib/gcc/arm-none-eabi/4.8.4/../../../../arm-none-eabi/lib/armv7e-m/fpu/libnosys.a(lseek.o)
                0x00004798                _lseek
 .text._exit    0x000047a8        0x4 /opt/Freescale/KDS_v3/toolchain/bin/../lib/gcc/arm-none-eabi/4.8.4/../../../../arm-none-eabi/lib/armv7e-m/fpu/libnosys.a(_exit.o)
                0x000047a8                _exit
 *(.rodata)
 .rodata        0x000047ac        0xc ./utilities/fsl_debug_console.o
 .rodata        0x000047b8       0x14 ./source/main.o
 .rodata        0x000047cc       0x4c ./board/board.o
 .rodata        0x00004818       0x40 ./board/pin_mux.o
 .rodata        0x00004858      0x124 /home/jacob/KSDK_1.3.0/examples/frdmk22f/demo_apps/hello_world/kds/../../../../../lib/ksdk_platform_lib/kds/K22F51212/debug/libksdk_platform.a(fsl_lptmr_driver.o)
 .rodata        0x0000497c       0xf0 /home/jacob/KSDK_1.3.0/examples/frdmk22f/demo_apps/hello_world/kds/../../../../../lib/ksdk_platform_lib/kds/K22F51212/debug/libksdk_platform.a(fsl_gpio_driver.o)
 .rodata        0x00004a6c      0x1f4 /home/jacob/KSDK_1.3.0/examples/frdmk22f/demo_apps/hello_world/kds/../../../../../lib/ksdk_platform_lib/kds/K22F51212/debug/libksdk_platform.a(fsl_clock_MK22F51212.o)
 .rodata        0x00004c60       0xcc /home/jacob/KSDK_1.3.0/examples/frdmk22f/demo_apps/hello_world/kds/../../../../../lib/ksdk_platform_lib/kds/K22F51212/debug/libksdk_platform.a(fsl_clock_manager.o)
 .rodata        0x00004d2c       0x48 /home/jacob/KSDK_1.3.0/examples/frdmk22f/demo_apps/hello_world/kds/../../../../../lib/ksdk_platform_lib/kds/K22F51212/debug/libksdk_platform.a(fsl_gpio_hal.o)
 *(.rodata*)
 .rodata.g_defaultClockConfigHsrun
                0x00004d74       0x18 ./board/board.o
                0x00004d74                g_defaultClockConfigHsrun
 .rodata.__func__.5862
                0x00004d8c       0x14 ./board/board.o
 .rodata.__func__.5846
                0x00004da0       0x14 ./board/pin_mux.o
 .rodata.__func__.7623
                0x00004db4       0x10 /home/jacob/KSDK_1.3.0/examples/frdmk22f/demo_apps/hello_world/kds/../../../../../lib/ksdk_platform_lib/kds/K22F51212/debug/libksdk_platform.a(fsl_lptmr_driver.o)
 .rodata.__func__.6640
                0x00004dc4       0x14 /home/jacob/KSDK_1.3.0/examples/frdmk22f/demo_apps/hello_world/kds/../../../../../lib/ksdk_platform_lib/kds/K22F51212/debug/libksdk_platform.a(fsl_lptmr_driver.o)
 .rodata.__func__.6644
                0x00004dd8       0x14 /home/jacob/KSDK_1.3.0/examples/frdmk22f/demo_apps/hello_world/kds/../../../../../lib/ksdk_platform_lib/kds/K22F51212/debug/libksdk_platform.a(fsl_lptmr_driver.o)
 .rodata.__func__.7635
                0x00004dec       0x10 /home/jacob/KSDK_1.3.0/examples/frdmk22f/demo_apps/hello_world/kds/../../../../../lib/ksdk_platform_lib/kds/K22F51212/debug/libksdk_platform.a(fsl_lptmr_driver.o)
 .rodata.__func__.7646
                0x00004dfc       0x1c /home/jacob/KSDK_1.3.0/examples/frdmk22f/demo_apps/hello_world/kds/../../../../../lib/ksdk_platform_lib/kds/K22F51212/debug/libksdk_platform.a(fsl_lptmr_driver.o)
 .rodata.__func__.7671
                0x00004e18       0x1c /home/jacob/KSDK_1.3.0/examples/frdmk22f/demo_apps/hello_world/kds/../../../../../lib/ksdk_platform_lib/kds/K22F51212/debug/libksdk_platform.a(fsl_lptmr_driver.o)
 .rodata.__func__.7675
                0x00004e34       0x18 /home/jacob/KSDK_1.3.0/examples/frdmk22f/demo_apps/hello_world/kds/../../../../../lib/ksdk_platform_lib/kds/K22F51212/debug/libksdk_platform.a(fsl_lptmr_driver.o)
 .rodata.__func__.5846
                0x00004e4c       0x14 /home/jacob/KSDK_1.3.0/examples/frdmk22f/demo_apps/hello_world/kds/../../../../../lib/ksdk_platform_lib/kds/K22F51212/debug/libksdk_platform.a(fsl_gpio_driver.o)
 .rodata.__func__.5822
                0x00004e60       0x1c /home/jacob/KSDK_1.3.0/examples/frdmk22f/demo_apps/hello_world/kds/../../../../../lib/ksdk_platform_lib/kds/K22F51212/debug/libksdk_platform.a(fsl_gpio_driver.o)
 .rodata.__func__.5840
                0x00004e7c       0x20 /home/jacob/KSDK_1.3.0/examples/frdmk22f/demo_apps/hello_world/kds/../../../../../lib/ksdk_platform_lib/kds/K22F51212/debug/libksdk_platform.a(fsl_gpio_driver.o)
 .rodata.__func__.5834
                0x00004e9c       0x1c /home/jacob/KSDK_1.3.0/examples/frdmk22f/demo_apps/hello_world/kds/../../../../../lib/ksdk_platform_lib/kds/K22F51212/debug/libksdk_platform.a(fsl_gpio_driver.o)
 .rodata.__func__.5954
                0x00004eb8       0x1c /home/jacob/KSDK_1.3.0/examples/frdmk22f/demo_apps/hello_world/kds/../../../../../lib/ksdk_platform_lib/kds/K22F51212/debug/libksdk_platform.a(fsl_gpio_driver.o)
 .rodata.portGateTable
                0x00004ed4        0x8 /home/jacob/KSDK_1.3.0/examples/frdmk22f/demo_apps/hello_world/kds/../../../../../lib/ksdk_platform_lib/kds/K22F51212/debug/libksdk_platform.a(fsl_clock_MK22F51212.o)
 .rodata.uartGateTable
                0x00004edc        0x4 /home/jacob/KSDK_1.3.0/examples/frdmk22f/demo_apps/hello_world/kds/../../../../../lib/ksdk_platform_lib/kds/K22F51212/debug/libksdk_platform.a(fsl_clock_MK22F51212.o)
 .rodata.__func__.7401
                0x00004ee0       0x1c /home/jacob/KSDK_1.3.0/examples/frdmk22f/demo_apps/hello_world/kds/../../../../../lib/ksdk_platform_lib/kds/K22F51212/debug/libksdk_platform.a(fsl_clock_MK22F51212.o)
 .rodata.__func__.7479
                0x00004efc       0x1c /home/jacob/KSDK_1.3.0/examples/frdmk22f/demo_apps/hello_world/kds/../../../../../lib/ksdk_platform_lib/kds/K22F51212/debug/libksdk_platform.a(fsl_clock_MK22F51212.o)
 .rodata.__func__.7708
                0x00004f18       0x14 /home/jacob/KSDK_1.3.0/examples/frdmk22f/demo_apps/hello_world/kds/../../../../../lib/ksdk_platform_lib/kds/K22F51212/debug/libksdk_platform.a(fsl_clock_manager.o)
 .rodata.__func__.7725
                0x00004f2c       0x18 /home/jacob/KSDK_1.3.0/examples/frdmk22f/demo_apps/hello_world/kds/../../../../../lib/ksdk_platform_lib/kds/K22F51212/debug/libksdk_platform.a(fsl_clock_manager.o)
 .rodata.g_oscBase
                0x00004f44        0x4 /home/jacob/KSDK_1.3.0/examples/frdmk22f/demo_apps/hello_world/kds/../../../../../lib/ksdk_platform_lib/kds/K22F51212/debug/libksdk_platform.a(fsl_clock_manager_common.o)
                0x00004f44                g_oscBase
 .rodata.fllFactorTable.6086
                0x00004f48       0x10 /home/jacob/KSDK_1.3.0/examples/frdmk22f/demo_apps/hello_world/kds/../../../../../lib/ksdk_platform_lib/kds/K22F51212/debug/libksdk_platform.a(fsl_mcg_hal.o)
 .rodata.g_lptmrBase
                0x00004f58        0x4 /home/jacob/KSDK_1.3.0/examples/frdmk22f/demo_apps/hello_world/kds/../../../../../lib/ksdk_platform_lib/kds/K22F51212/debug/libksdk_platform.a(fsl_lptmr_common.o)
                0x00004f58                g_lptmrBase
 .rodata.g_lptmrIrqId
                0x00004f5c        0x4 /home/jacob/KSDK_1.3.0/examples/frdmk22f/demo_apps/hello_world/kds/../../../../../lib/ksdk_platform_lib/kds/K22F51212/debug/libksdk_platform.a(fsl_lptmr_common.o)
                0x00004f5c                g_lptmrIrqId
 .rodata.__func__.5844
                0x00004f60       0x14 /home/jacob/KSDK_1.3.0/examples/frdmk22f/demo_apps/hello_world/kds/../../../../../lib/ksdk_platform_lib/kds/K22F51212/debug/libksdk_platform.a(fsl_gpio_hal.o)
 .rodata.__func__.5850
                0x00004f74       0x18 /home/jacob/KSDK_1.3.0/examples/frdmk22f/demo_apps/hello_world/kds/../../../../../lib/ksdk_platform_lib/kds/K22F51212/debug/libksdk_platform.a(fsl_gpio_hal.o)
 .rodata.g_gpioBase
                0x00004f8c       0x14 /home/jacob/KSDK_1.3.0/examples/frdmk22f/demo_apps/hello_world/kds/../../../../../lib/ksdk_platform_lib/kds/K22F51212/debug/libksdk_platform.a(fsl_gpio_common.o)
                0x00004f8c                g_gpioBase
 .rodata.g_portBase
                0x00004fa0       0x14 /home/jacob/KSDK_1.3.0/examples/frdmk22f/demo_apps/hello_world/kds/../../../../../lib/ksdk_platform_lib/kds/K22F51212/debug/libksdk_platform.a(fsl_gpio_common.o)
                0x00004fa0                g_portBase
 .rodata.str1.1
                0x00004fb4       0x3c /opt/Freescale/KDS_v3/toolchain/bin/../lib/gcc/arm-none-eabi/4.8.4/../../../../arm-none-eabi/lib/armv7e-m/fpu/libg_s.a(lib_a-assert.o)
                                 0x3d (size before relaxing)
 .rodata.str1.1
                0x00004ff0        0x2 /opt/Freescale/KDS_v3/toolchain/bin/../lib/gcc/arm-none-eabi/4.8.4/../../../../arm-none-eabi/lib/armv7e-m/fpu/libg_s.a(lib_a-impure.o)
 *fill*         0x00004ff2        0x2 
 .rodata._global_impure_ptr
                0x00004ff4        0x4 /opt/Freescale/KDS_v3/toolchain/bin/../lib/gcc/arm-none-eabi/4.8.4/../../../../arm-none-eabi/lib/armv7e-m/fpu/libg_s.a(lib_a-impure.o)
                0x00004ff4                _global_impure_ptr
 .rodata.str1.1
                0x00004ff8       0x11 /opt/Freescale/KDS_v3/toolchain/bin/../lib/gcc/arm-none-eabi/4.8.4/../../../../arm-none-eabi/lib/armv7e-m/fpu/libg_s.a(lib_a-vfprintf.o)
 .rodata.str1.1
                0x00005009       0x22 /opt/Freescale/KDS_v3/toolchain/bin/../lib/gcc/arm-none-eabi/4.8.4/../../../../arm-none-eabi/lib/armv7e-m/fpu/libg_s.a(lib_a-vfprintf_i.o)
 *fill*         0x0000502b        0x1 
 .rodata.__sf_fake_stdin
                0x0000502c       0x20 /opt/Freescale/KDS_v3/toolchain/bin/../lib/gcc/arm-none-eabi/4.8.4/../../../../arm-none-eabi/lib/armv7e-m/fpu/libg_s.a(lib_a-findfp.o)
                0x0000502c                __sf_fake_stdin
 .rodata.__sf_fake_stdout
                0x0000504c       0x20 /opt/Freescale/KDS_v3/toolchain/bin/../lib/gcc/arm-none-eabi/4.8.4/../../../../arm-none-eabi/lib/armv7e-m/fpu/libg_s.a(lib_a-findfp.o)
                0x0000504c                __sf_fake_stdout
 .rodata.__sf_fake_stderr
                0x0000506c       0x20 /opt/Freescale/KDS_v3/toolchain/bin/../lib/gcc/arm-none-eabi/4.8.4/../../../../arm-none-eabi/lib/armv7e-m/fpu/libg_s.a(lib_a-findfp.o)
                0x0000506c                __sf_fake_stderr
 *(.glue_7)
 .glue_7        0x00000000        0x0 linker stubs
 *(.glue_7t)
 .glue_7t       0x00000000        0x0 linker stubs
 *(.eh_frame)
 .eh_frame      0x0000508c        0x0 /opt/Freescale/KDS_v3/toolchain/bin/../lib/gcc/arm-none-eabi/4.8.4/armv7e-m/fpu/crtbegin.o
 *(.init)
 .init          0x0000508c        0x4 /opt/Freescale/KDS_v3/toolchain/bin/../lib/gcc/arm-none-eabi/4.8.4/armv7e-m/fpu/crti.o
                0x0000508c                _init
 .init          0x00005090        0x8 /opt/Freescale/KDS_v3/toolchain/bin/../lib/gcc/arm-none-eabi/4.8.4/armv7e-m/fpu/crtn.o
 *(.fini)
 .fini          0x00005098        0x4 /opt/Freescale/KDS_v3/toolchain/bin/../lib/gcc/arm-none-eabi/4.8.4/armv7e-m/fpu/crti.o
                0x00005098                _fini
 .fini          0x0000509c        0x8 /opt/Freescale/KDS_v3/toolchain/bin/../lib/gcc/arm-none-eabi/4.8.4/armv7e-m/fpu/crtn.o
                0x000050a4                . = ALIGN (0x4)

.vfp11_veneer   0x000050a4        0x0
 .vfp11_veneer  0x00000000        0x0 linker stubs

.v4_bx          0x000050a4        0x0
 .v4_bx         0x00000000        0x0 linker stubs

.iplt           0x000050a4        0x0
 .iplt          0x00000000        0x0 /opt/Freescale/KDS_v3/toolchain/bin/../lib/gcc/arm-none-eabi/4.8.4/armv7e-m/fpu/crtbegin.o

.ARM.extab
 *(.ARM.extab* .gnu.linkonce.armextab.*)

.ARM            0x000050a4        0x8
                0x000050a4                __exidx_start = .
 *(.ARM.exidx*)
 .ARM.exidx     0x000050a4        0x8 /opt/Freescale/KDS_v3/toolchain/bin/../lib/gcc/arm-none-eabi/4.8.4/../../../../arm-none-eabi/lib/armv7e-m/fpu/crt0.o
                0x000050ac                __exidx_end = .

.rel.dyn        0x000050ac        0x0
 .rel.iplt      0x00000000        0x0 /opt/Freescale/KDS_v3/toolchain/bin/../lib/gcc/arm-none-eabi/4.8.4/armv7e-m/fpu/crtbegin.o

.ctors          0x000050ac        0x0
                0x000050ac                __CTOR_LIST__ = .
 *crtbegin.o(.ctors)
 *crtbegin?.o(.ctors)
 *(EXCLUDE_FILE(*crtend.o *crtend?.o) .ctors)
 *(SORT(.ctors.*))
 *(.ctors)
                0x000050ac                __CTOR_END__ = .

.dtors          0x000050ac        0x0
                0x000050ac                __DTOR_LIST__ = .
 *crtbegin.o(.dtors)
 *crtbegin?.o(.dtors)
 *(EXCLUDE_FILE(*crtend.o *crtend?.o) .dtors)
 *(SORT(.dtors.*))
 *(.dtors)
                0x000050ac                __DTOR_END__ = .

.preinit_array  0x000050ac        0x0
                0x000050ac                PROVIDE (__preinit_array_start, .)
 *(.preinit_array*)
                0x000050ac                PROVIDE (__preinit_array_end, .)

.init_array     0x000050ac        0x4
                0x000050ac                PROVIDE (__init_array_start, .)
 *(SORT(.init_array.*))
 *(.init_array*)
 .init_array    0x000050ac        0x4 /opt/Freescale/KDS_v3/toolchain/bin/../lib/gcc/arm-none-eabi/4.8.4/armv7e-m/fpu/crtbegin.o
                0x000050b0                PROVIDE (__init_array_end, .)

.fini_array     0x000050b0        0x4
                0x000050b0                PROVIDE (__fini_array_start, .)
 *(SORT(.fini_array.*))
 *(.fini_array*)
 .fini_array    0x000050b0        0x4 /opt/Freescale/KDS_v3/toolchain/bin/../lib/gcc/arm-none-eabi/4.8.4/armv7e-m/fpu/crtbegin.o
                0x000050b4                PROVIDE (__fini_array_end, .)
                0x000050b4                __etext = .
                0x000050b4                __DATA_ROM = .

.interrupts_ram
                0x1fff0000        0x0
                0x1fff0000                . = ALIGN (0x4)
                0x1fff0000                __VECTOR_RAM__ = .
                0x1fff0000                __interrupts_ram_start__ = .
 *(.m_interrupts_ram)
                0x1fff0000                . = (. + M_VECTOR_RAM_SIZE)
                0x1fff0000                . = ALIGN (0x4)
                0x1fff0000                __interrupts_ram_end__ = .
                0x00000000                __VECTOR_RAM = DEFINED (__ram_vector_table__)?__VECTOR_RAM__:ORIGIN (m_interrupts)
                0x00000000                __RAM_VECTOR_TABLE_SIZE_BYTES = DEFINED (__ram_vector_table__)?(__interrupts_ram_end__ - __interrupts_ram_start__):0x0

.data           0x1fff0000       0xa4 load address 0x000050b4
                0x1fff0000                . = ALIGN (0x4)
                0x1fff0000                __DATA_RAM = .
                0x1fff0000                __data_start__ = .
 *(.data)
 *(.data*)
 .data.SystemCoreClock
                0x1fff0000        0x4 ./startup/system_MK22F51212.o
                0x1fff0000                SystemCoreClock
 .data.ledPins  0x1fff0004       0x30 ./board/gpio_pins.o
                0x1fff0004                ledPins
 .data.g_fastInternalRefClkFreq
                0x1fff0034        0x4 /home/jacob/KSDK_1.3.0/examples/frdmk22f/demo_apps/hello_world/kds/../../../../../lib/ksdk_platform_lib/kds/K22F51212/debug/libksdk_platform.a(fsl_mcg_hal.o)
                0x1fff0034                g_fastInternalRefClkFreq
 .data.g_slowInternalRefClkFreq
                0x1fff0038        0x4 /home/jacob/KSDK_1.3.0/examples/frdmk22f/demo_apps/hello_world/kds/../../../../../lib/ksdk_platform_lib/kds/K22F51212/debug/libksdk_platform.a(fsl_mcg_hal.o)
                0x1fff0038                g_slowInternalRefClkFreq
 .data.impure_data
                0x1fff003c       0x60 /opt/Freescale/KDS_v3/toolchain/bin/../lib/gcc/arm-none-eabi/4.8.4/../../../../arm-none-eabi/lib/armv7e-m/fpu/libg_s.a(lib_a-impure.o)
 .data._impure_ptr
                0x1fff009c        0x4 /opt/Freescale/KDS_v3/toolchain/bin/../lib/gcc/arm-none-eabi/4.8.4/../../../../arm-none-eabi/lib/armv7e-m/fpu/libg_s.a(lib_a-impure.o)
                0x1fff009c                _impure_ptr
 *(.jcr*)
 .jcr           0x1fff00a0        0x0 /opt/Freescale/KDS_v3/toolchain/bin/../lib/gcc/arm-none-eabi/4.8.4/armv7e-m/fpu/crtbegin.o
 .jcr           0x1fff00a0        0x4 /opt/Freescale/KDS_v3/toolchain/bin/../lib/gcc/arm-none-eabi/4.8.4/armv7e-m/fpu/crtend.o
                0x1fff00a4                . = ALIGN (0x4)
                0x1fff00a4                __data_end__ = .
                0x00005158                __DATA_END = (__DATA_ROM + (__data_end__ - __data_start__))
                0x00080000                text_end = (ORIGIN (m_text) + 0x7fbf0)
                0x00000001                ASSERT ((__DATA_END <= text_end), region m_text overflowed with text and data)

.igot.plt       0x1fff00a4        0x0 load address 0x00005158
 .igot.plt      0x00000000        0x0 /opt/Freescale/KDS_v3/toolchain/bin/../lib/gcc/arm-none-eabi/4.8.4/armv7e-m/fpu/crtbegin.o

.bss            0x1fff00a4       0x48 load address 0x00005158
                0x1fff00a4                . = ALIGN (0x4)
                0x1fff00a4                __START_BSS = .
                0x1fff00a4                __bss_start__ = .
 *(.bss)
 .bss           0x1fff00a4       0x1c /opt/Freescale/KDS_v3/toolchain/bin/../lib/gcc/arm-none-eabi/4.8.4/armv7e-m/fpu/crtbegin.o
 *(.bss*)
 .bss.s_debugConsole
                0x1fff00c0       0x10 ./utilities/fsl_debug_console.o
 .bss.heap_end.5140
                0x1fff00d0        0x4 ./utilities/fsl_misc_utilities.o
 .bss.g_xtal0ClkFreq
                0x1fff00d4        0x4 /home/jacob/KSDK_1.3.0/examples/frdmk22f/demo_apps/hello_world/kds/../../../../../lib/ksdk_platform_lib/kds/K22F51212/debug/libksdk_platform.a(fsl_mcg_hal.o)
                0x1fff00d4                g_xtal0ClkFreq
 .bss.g_xtalRtcClkFreq
                0x1fff00d8        0x4 /home/jacob/KSDK_1.3.0/examples/frdmk22f/demo_apps/hello_world/kds/../../../../../lib/ksdk_platform_lib/kds/K22F51212/debug/libksdk_platform.a(fsl_mcg_hal.o)
                0x1fff00d8                g_xtalRtcClkFreq
 .bss.g_lptmrStatePtr
                0x1fff00dc        0x4 /home/jacob/KSDK_1.3.0/examples/frdmk22f/demo_apps/hello_world/kds/../../../../../lib/ksdk_platform_lib/kds/K22F51212/debug/libksdk_platform.a(fsl_lptmr_common.o)
                0x1fff00dc                g_lptmrStatePtr
 .bss.__malloc_sbrk_start
                0x1fff00e0        0x4 /opt/Freescale/KDS_v3/toolchain/bin/../lib/gcc/arm-none-eabi/4.8.4/../../../../arm-none-eabi/lib/armv7e-m/fpu/libg_s.a(lib_a-nano-mallocr.o)
                0x1fff00e0                __malloc_sbrk_start
 .bss.__malloc_free_list
                0x1fff00e4        0x4 /opt/Freescale/KDS_v3/toolchain/bin/../lib/gcc/arm-none-eabi/4.8.4/../../../../arm-none-eabi/lib/armv7e-m/fpu/libg_s.a(lib_a-nano-mallocr.o)
                0x1fff00e4                __malloc_free_list
 *(COMMON)
 COMMON         0x1fff00e8        0x4 /opt/Freescale/KDS_v3/toolchain/bin/../lib/gcc/arm-none-eabi/4.8.4/../../../../arm-none-eabi/lib/armv7e-m/fpu/libg_s.a(lib_a-reent.o)
                0x1fff00e8                errno
                0x1fff00ec                . = ALIGN (0x4)
                0x1fff00ec                __bss_end__ = .
                0x1fff00ec                __END_BSS = .

.heap           0x20000000     0x2000
                0x20000000                . = ALIGN (0x8)
                0x20000000                __end__ = .
                0x20000000                PROVIDE (end, .)
                0x20000000                __HeapBase = .
                0x20002000                . = (. + HEAP_SIZE)
 *fill*         0x20000000     0x2000 
                0x20002000                __HeapLimit = .

.stack          0x20002000     0x2000
                0x20002000                . = ALIGN (0x8)
                0x20004000                . = (. + STACK_SIZE)
 *fill*         0x20002000     0x2000 
                0x20010000                __StackTop = (ORIGIN (m_data_2) + 0x10000)
                0x2000e000                __StackLimit = (__StackTop - STACK_SIZE)
                0x20010000                PROVIDE (__stack, __StackTop)

.ARM.attributes
                0x00000000       0x30
 *(.ARM.attributes)
 .ARM.attributes
                0x00000000       0x22 /opt/Freescale/KDS_v3/toolchain/bin/../lib/gcc/arm-none-eabi/4.8.4/armv7e-m/fpu/crti.o
 .ARM.attributes
                0x00000022       0x34 /opt/Freescale/KDS_v3/toolchain/bin/../lib/gcc/arm-none-eabi/4.8.4/armv7e-m/fpu/crtbegin.o
 .ARM.attributes
                0x00000056       0x20 /opt/Freescale/KDS_v3/toolchain/bin/../lib/gcc/arm-none-eabi/4.8.4/../../../../arm-none-eabi/lib/armv7e-m/fpu/crt0.o
 .ARM.attributes
                0x00000076       0x39 ./utilities/fsl_debug_console.o
 .ARM.attributes
                0x000000af       0x39 ./utilities/fsl_misc_utilities.o
 .ARM.attributes
                0x000000e8       0x39 ./utilities/print_scan.o
 .ARM.attributes
                0x00000121       0x39 ./startup/startup.o
 .ARM.attributes
                0x0000015a       0x1f ./startup/startup_MK22F51212.o
 .ARM.attributes
                0x00000179       0x39 ./startup/system_MK22F51212.o
 .ARM.attributes
                0x000001b2       0x39 ./source/fsl_lptmr_irq.o
 .ARM.attributes
                0x000001eb       0x39 ./source/main.o
 .ARM.attributes
                0x00000224       0x39 ./board/board.o
 .ARM.attributes
                0x0000025d       0x39 ./board/gpio_pins.o
 .ARM.attributes
                0x00000296       0x39 ./board/hardware_init.o
 .ARM.attributes
                0x000002cf       0x39 ./board/pin_mux.o
 .ARM.attributes
                0x00000308       0x39 /home/jacob/KSDK_1.3.0/examples/frdmk22f/demo_apps/hello_world/kds/../../../../../lib/ksdk_platform_lib/kds/K22F51212/debug/libksdk_platform.a(fsl_uart_hal.o)
 .ARM.attributes
                0x00000341       0x39 /home/jacob/KSDK_1.3.0/examples/frdmk22f/demo_apps/hello_world/kds/../../../../../lib/ksdk_platform_lib/kds/K22F51212/debug/libksdk_platform.a(fsl_smc_hal.o)
 .ARM.attributes
                0x0000037a       0x39 /home/jacob/KSDK_1.3.0/examples/frdmk22f/demo_apps/hello_world/kds/../../../../../lib/ksdk_platform_lib/kds/K22F51212/debug/libksdk_platform.a(fsl_lpuart_hal.o)
 .ARM.attributes
                0x000003b3       0x39 /home/jacob/KSDK_1.3.0/examples/frdmk22f/demo_apps/hello_world/kds/../../../../../lib/ksdk_platform_lib/kds/K22F51212/debug/libksdk_platform.a(fsl_lptmr_driver.o)
 .ARM.attributes
                0x000003ec       0x39 /home/jacob/KSDK_1.3.0/examples/frdmk22f/demo_apps/hello_world/kds/../../../../../lib/ksdk_platform_lib/kds/K22F51212/debug/libksdk_platform.a(fsl_gpio_driver.o)
 .ARM.attributes
                0x00000425       0x39 /home/jacob/KSDK_1.3.0/examples/frdmk22f/demo_apps/hello_world/kds/../../../../../lib/ksdk_platform_lib/kds/K22F51212/debug/libksdk_platform.a(fsl_clock_MK22F51212.o)
 .ARM.attributes
                0x0000045e       0x39 /home/jacob/KSDK_1.3.0/examples/frdmk22f/demo_apps/hello_world/kds/../../../../../lib/ksdk_platform_lib/kds/K22F51212/debug/libksdk_platform.a(fsl_clock_manager.o)
 .ARM.attributes
                0x00000497       0x39 /home/jacob/KSDK_1.3.0/examples/frdmk22f/demo_apps/hello_world/kds/../../../../../lib/ksdk_platform_lib/kds/K22F51212/debug/libksdk_platform.a(fsl_clock_manager_common.o)
 .ARM.attributes
                0x000004d0       0x39 /home/jacob/KSDK_1.3.0/examples/frdmk22f/demo_apps/hello_world/kds/../../../../../lib/ksdk_platform_lib/kds/K22F51212/debug/libksdk_platform.a(fsl_sim_hal_MK22F51212.o)
 .ARM.attributes
                0x00000509       0x39 /home/jacob/KSDK_1.3.0/examples/frdmk22f/demo_apps/hello_world/kds/../../../../../lib/ksdk_platform_lib/kds/K22F51212/debug/libksdk_platform.a(fsl_osc_hal.o)
 .ARM.attributes
                0x00000542       0x39 /home/jacob/KSDK_1.3.0/examples/frdmk22f/demo_apps/hello_world/kds/../../../../../lib/ksdk_platform_lib/kds/K22F51212/debug/libksdk_platform.a(fsl_mcg_hal.o)
 .ARM.attributes
                0x0000057b       0x39 /home/jacob/KSDK_1.3.0/examples/frdmk22f/demo_apps/hello_world/kds/../../../../../lib/ksdk_platform_lib/kds/K22F51212/debug/libksdk_platform.a(fsl_mcg_hal_modes.o)
 .ARM.attributes
                0x000005b4       0x39 /home/jacob/KSDK_1.3.0/examples/frdmk22f/demo_apps/hello_world/kds/../../../../../lib/ksdk_platform_lib/kds/K22F51212/debug/libksdk_platform.a(fsl_lptmr_hal.o)
 .ARM.attributes
                0x000005ed       0x39 /home/jacob/KSDK_1.3.0/examples/frdmk22f/demo_apps/hello_world/kds/../../../../../lib/ksdk_platform_lib/kds/K22F51212/debug/libksdk_platform.a(fsl_lptmr_common.o)
 .ARM.attributes
                0x00000626       0x39 /home/jacob/KSDK_1.3.0/examples/frdmk22f/demo_apps/hello_world/kds/../../../../../lib/ksdk_platform_lib/kds/K22F51212/debug/libksdk_platform.a(fsl_gpio_hal.o)
 .ARM.attributes
                0x0000065f       0x39 /home/jacob/KSDK_1.3.0/examples/frdmk22f/demo_apps/hello_world/kds/../../../../../lib/ksdk_platform_lib/kds/K22F51212/debug/libksdk_platform.a(fsl_gpio_common.o)
 .ARM.attributes
                0x00000698       0x34 /opt/Freescale/KDS_v3/toolchain/bin/../lib/gcc/arm-none-eabi/4.8.4/../../../../arm-none-eabi/lib/armv7e-m/fpu/libg_s.a(lib_a-assert.o)
 .ARM.attributes
                0x000006cc       0x34 /opt/Freescale/KDS_v3/toolchain/bin/../lib/gcc/arm-none-eabi/4.8.4/../../../../arm-none-eabi/lib/armv7e-m/fpu/libg_s.a(lib_a-errno.o)
 .ARM.attributes
                0x00000700       0x34 /opt/Freescale/KDS_v3/toolchain/bin/../lib/gcc/arm-none-eabi/4.8.4/../../../../arm-none-eabi/lib/armv7e-m/fpu/libg_s.a(lib_a-exit.o)
 .ARM.attributes
                0x00000734       0x34 /opt/Freescale/KDS_v3/toolchain/bin/../lib/gcc/arm-none-eabi/4.8.4/../../../../arm-none-eabi/lib/armv7e-m/fpu/libg_s.a(lib_a-fprintf.o)
 .ARM.attributes
                0x00000768       0x34 /opt/Freescale/KDS_v3/toolchain/bin/../lib/gcc/arm-none-eabi/4.8.4/../../../../arm-none-eabi/lib/armv7e-m/fpu/libg_s.a(lib_a-impure.o)
 .ARM.attributes
                0x0000079c       0x34 /opt/Freescale/KDS_v3/toolchain/bin/../lib/gcc/arm-none-eabi/4.8.4/../../../../arm-none-eabi/lib/armv7e-m/fpu/libg_s.a(lib_a-init.o)
 .ARM.attributes
                0x000007d0       0x34 /opt/Freescale/KDS_v3/toolchain/bin/../lib/gcc/arm-none-eabi/4.8.4/../../../../arm-none-eabi/lib/armv7e-m/fpu/libg_s.a(lib_a-memset.o)
 .ARM.attributes
                0x00000804       0x34 /opt/Freescale/KDS_v3/toolchain/bin/../lib/gcc/arm-none-eabi/4.8.4/../../../../arm-none-eabi/lib/armv7e-m/fpu/libg_s.a(lib_a-nano-freer.o)
 .ARM.attributes
                0x00000838       0x34 /opt/Freescale/KDS_v3/toolchain/bin/../lib/gcc/arm-none-eabi/4.8.4/../../../../arm-none-eabi/lib/armv7e-m/fpu/libg_s.a(lib_a-nano-mallocr.o)
 .ARM.attributes
                0x0000086c       0x34 /opt/Freescale/KDS_v3/toolchain/bin/../lib/gcc/arm-none-eabi/4.8.4/../../../../arm-none-eabi/lib/armv7e-m/fpu/libg_s.a(lib_a-sbrkr.o)
 .ARM.attributes
                0x000008a0       0x34 /opt/Freescale/KDS_v3/toolchain/bin/../lib/gcc/arm-none-eabi/4.8.4/../../../../arm-none-eabi/lib/armv7e-m/fpu/libg_s.a(lib_a-strlen.o)
 .ARM.attributes
                0x000008d4       0x34 /opt/Freescale/KDS_v3/toolchain/bin/../lib/gcc/arm-none-eabi/4.8.4/../../../../arm-none-eabi/lib/armv7e-m/fpu/libg_s.a(lib_a-vfprintf.o)
 .ARM.attributes
                0x00000908       0x34 /opt/Freescale/KDS_v3/toolchain/bin/../lib/gcc/arm-none-eabi/4.8.4/../../../../arm-none-eabi/lib/armv7e-m/fpu/libg_s.a(lib_a-vfprintf_i.o)
 .ARM.attributes
                0x0000093c       0x34 /opt/Freescale/KDS_v3/toolchain/bin/../lib/gcc/arm-none-eabi/4.8.4/../../../../arm-none-eabi/lib/armv7e-m/fpu/libg_s.a(lib_a-wbuf.o)
 .ARM.attributes
                0x00000970       0x34 /opt/Freescale/KDS_v3/toolchain/bin/../lib/gcc/arm-none-eabi/4.8.4/../../../../arm-none-eabi/lib/armv7e-m/fpu/libg_s.a(lib_a-wsetup.o)
 .ARM.attributes
                0x000009a4       0x34 /opt/Freescale/KDS_v3/toolchain/bin/../lib/gcc/arm-none-eabi/4.8.4/../../../../arm-none-eabi/lib/armv7e-m/fpu/libg_s.a(lib_a-abort.o)
 .ARM.attributes
                0x000009d8       0x34 /opt/Freescale/KDS_v3/toolchain/bin/../lib/gcc/arm-none-eabi/4.8.4/../../../../arm-none-eabi/lib/armv7e-m/fpu/libg_s.a(lib_a-fflush.o)
 .ARM.attributes
                0x00000a0c       0x34 /opt/Freescale/KDS_v3/toolchain/bin/../lib/gcc/arm-none-eabi/4.8.4/../../../../arm-none-eabi/lib/armv7e-m/fpu/libg_s.a(lib_a-findfp.o)
 .ARM.attributes
                0x00000a40       0x34 /opt/Freescale/KDS_v3/toolchain/bin/../lib/gcc/arm-none-eabi/4.8.4/../../../../arm-none-eabi/lib/armv7e-m/fpu/libg_s.a(lib_a-makebuf.o)
 .ARM.attributes
                0x00000a74       0x34 /opt/Freescale/KDS_v3/toolchain/bin/../lib/gcc/arm-none-eabi/4.8.4/../../../../arm-none-eabi/lib/armv7e-m/fpu/libg_s.a(lib_a-memchr-stub.o)
 .ARM.attributes
                0x00000aa8       0x34 /opt/Freescale/KDS_v3/toolchain/bin/../lib/gcc/arm-none-eabi/4.8.4/../../../../arm-none-eabi/lib/armv7e-m/fpu/libg_s.a(lib_a-reent.o)
 .ARM.attributes
                0x00000adc       0x34 /opt/Freescale/KDS_v3/toolchain/bin/../lib/gcc/arm-none-eabi/4.8.4/../../../../arm-none-eabi/lib/armv7e-m/fpu/libg_s.a(lib_a-signal.o)
 .ARM.attributes
                0x00000b10       0x34 /opt/Freescale/KDS_v3/toolchain/bin/../lib/gcc/arm-none-eabi/4.8.4/../../../../arm-none-eabi/lib/armv7e-m/fpu/libg_s.a(lib_a-signalr.o)
 .ARM.attributes
                0x00000b44       0x34 /opt/Freescale/KDS_v3/toolchain/bin/../lib/gcc/arm-none-eabi/4.8.4/../../../../arm-none-eabi/lib/armv7e-m/fpu/libg_s.a(lib_a-stdio.o)
 .ARM.attributes
                0x00000b78       0x34 /opt/Freescale/KDS_v3/toolchain/bin/../lib/gcc/arm-none-eabi/4.8.4/../../../../arm-none-eabi/lib/armv7e-m/fpu/libg_s.a(lib_a-writer.o)
 .ARM.attributes
                0x00000bac       0x34 /opt/Freescale/KDS_v3/toolchain/bin/../lib/gcc/arm-none-eabi/4.8.4/../../../../arm-none-eabi/lib/armv7e-m/fpu/libg_s.a(lib_a-closer.o)
 .ARM.attributes
                0x00000be0       0x34 /opt/Freescale/KDS_v3/toolchain/bin/../lib/gcc/arm-none-eabi/4.8.4/../../../../arm-none-eabi/lib/armv7e-m/fpu/libg_s.a(lib_a-fstatr.o)
 .ARM.attributes
                0x00000c14       0x34 /opt/Freescale/KDS_v3/toolchain/bin/../lib/gcc/arm-none-eabi/4.8.4/../../../../arm-none-eabi/lib/armv7e-m/fpu/libg_s.a(lib_a-isattyr.o)
 .ARM.attributes
                0x00000c48       0x34 /opt/Freescale/KDS_v3/toolchain/bin/../lib/gcc/arm-none-eabi/4.8.4/../../../../arm-none-eabi/lib/armv7e-m/fpu/libg_s.a(lib_a-lseekr.o)
 .ARM.attributes
                0x00000c7c       0x34 /opt/Freescale/KDS_v3/toolchain/bin/../lib/gcc/arm-none-eabi/4.8.4/../../../../arm-none-eabi/lib/armv7e-m/fpu/libg_s.a(lib_a-readr.o)
 .ARM.attributes
                0x00000cb0       0x34 /opt/Freescale/KDS_v3/toolchain/bin/../lib/gcc/arm-none-eabi/4.8.4/../../../../arm-none-eabi/lib/armv7e-m/fpu/libnosys.a(close.o)
 .ARM.attributes
                0x00000ce4       0x34 /opt/Freescale/KDS_v3/toolchain/bin/../lib/gcc/arm-none-eabi/4.8.4/../../../../arm-none-eabi/lib/armv7e-m/fpu/libnosys.a(fstat.o)
 .ARM.attributes
                0x00000d18       0x34 /opt/Freescale/KDS_v3/toolchain/bin/../lib/gcc/arm-none-eabi/4.8.4/../../../../arm-none-eabi/lib/armv7e-m/fpu/libnosys.a(getpid.o)
 .ARM.attributes
                0x00000d4c       0x34 /opt/Freescale/KDS_v3/toolchain/bin/../lib/gcc/arm-none-eabi/4.8.4/../../../../arm-none-eabi/lib/armv7e-m/fpu/libnosys.a(isatty.o)
 .ARM.attributes
                0x00000d80       0x34 /opt/Freescale/KDS_v3/toolchain/bin/../lib/gcc/arm-none-eabi/4.8.4/../../../../arm-none-eabi/lib/armv7e-m/fpu/libnosys.a(kill.o)
 .ARM.attributes
                0x00000db4       0x34 /opt/Freescale/KDS_v3/toolchain/bin/../lib/gcc/arm-none-eabi/4.8.4/../../../../arm-none-eabi/lib/armv7e-m/fpu/libnosys.a(lseek.o)
 .ARM.attributes
                0x00000de8       0x34 /opt/Freescale/KDS_v3/toolchain/bin/../lib/gcc/arm-none-eabi/4.8.4/../../../../arm-none-eabi/lib/armv7e-m/fpu/libnosys.a(_exit.o)
 .ARM.attributes
                0x00000e1c       0x34 /opt/Freescale/KDS_v3/toolchain/bin/../lib/gcc/arm-none-eabi/4.8.4/armv7e-m/fpu/crtend.o
 .ARM.attributes
                0x00000e50       0x22 /opt/Freescale/KDS_v3/toolchain/bin/../lib/gcc/arm-none-eabi/4.8.4/armv7e-m/fpu/crtn.o
                0x00000001                ASSERT ((__StackLimit >= __HeapLimit), region m_data_2 overflowed with stack and heap)
OUTPUT(hello_world_frdmk22f.elf elf32-littlearm)

.debug_info     0x00000000     0xe106
 .debug_info    0x00000000      0xf33 ./utilities/fsl_debug_console.o
 .debug_info    0x00000f33      0x16e ./utilities/fsl_misc_utilities.o
 .debug_info    0x000010a1      0x5b9 ./utilities/print_scan.o
 .debug_info    0x0000165a      0x382 ./startup/startup.o
 .debug_info    0x000019dc       0xc5 ./startup/startup_MK22F51212.o
 .debug_info    0x00001aa1      0x5c2 ./startup/system_MK22F51212.o
 .debug_info    0x00002063       0xae ./source/fsl_lptmr_irq.o
 .debug_info    0x00002111      0x3b8 ./source/main.o
 .debug_info    0x000024c9      0xb21 ./board/board.o
 .debug_info    0x00002fea      0x2ee ./board/gpio_pins.o
 .debug_info    0x000032d8       0xfa ./board/hardware_init.o
 .debug_info    0x000033d2      0x3b9 ./board/pin_mux.o
 .debug_info    0x0000378b      0xf84 /home/jacob/KSDK_1.3.0/examples/frdmk22f/demo_apps/hello_world/kds/../../../../../lib/ksdk_platform_lib/kds/K22F51212/debug/libksdk_platform.a(fsl_uart_hal.o)
 .debug_info    0x0000470f      0x5c7 /home/jacob/KSDK_1.3.0/examples/frdmk22f/demo_apps/hello_world/kds/../../../../../lib/ksdk_platform_lib/kds/K22F51212/debug/libksdk_platform.a(fsl_smc_hal.o)
 .debug_info    0x00004cd6      0xa13 /home/jacob/KSDK_1.3.0/examples/frdmk22f/demo_apps/hello_world/kds/../../../../../lib/ksdk_platform_lib/kds/K22F51212/debug/libksdk_platform.a(fsl_lpuart_hal.o)
 .debug_info    0x000056e9     0x11b3 /home/jacob/KSDK_1.3.0/examples/frdmk22f/demo_apps/hello_world/kds/../../../../../lib/ksdk_platform_lib/kds/K22F51212/debug/libksdk_platform.a(fsl_lptmr_driver.o)
 .debug_info    0x0000689c     0x121e /home/jacob/KSDK_1.3.0/examples/frdmk22f/demo_apps/hello_world/kds/../../../../../lib/ksdk_platform_lib/kds/K22F51212/debug/libksdk_platform.a(fsl_gpio_driver.o)
 .debug_info    0x00007aba     0x1808 /home/jacob/KSDK_1.3.0/examples/frdmk22f/demo_apps/hello_world/kds/../../../../../lib/ksdk_platform_lib/kds/K22F51212/debug/libksdk_platform.a(fsl_clock_MK22F51212.o)
 .debug_info    0x000092c2     0x16ec /home/jacob/KSDK_1.3.0/examples/frdmk22f/demo_apps/hello_world/kds/../../../../../lib/ksdk_platform_lib/kds/K22F51212/debug/libksdk_platform.a(fsl_clock_manager.o)
 .debug_info    0x0000a9ae      0x42f /home/jacob/KSDK_1.3.0/examples/frdmk22f/demo_apps/hello_world/kds/../../../../../lib/ksdk_platform_lib/kds/K22F51212/debug/libksdk_platform.a(fsl_clock_manager_common.o)
 .debug_info    0x0000addd      0xe1a /home/jacob/KSDK_1.3.0/examples/frdmk22f/demo_apps/hello_world/kds/../../../../../lib/ksdk_platform_lib/kds/K22F51212/debug/libksdk_platform.a(fsl_sim_hal_MK22F51212.o)
 .debug_info    0x0000bbf7      0x135 /home/jacob/KSDK_1.3.0/examples/frdmk22f/demo_apps/hello_world/kds/../../../../../lib/ksdk_platform_lib/kds/K22F51212/debug/libksdk_platform.a(fsl_osc_hal.o)
 .debug_info    0x0000bd2c      0xc5c /home/jacob/KSDK_1.3.0/examples/frdmk22f/demo_apps/hello_world/kds/../../../../../lib/ksdk_platform_lib/kds/K22F51212/debug/libksdk_platform.a(fsl_mcg_hal.o)
 .debug_info    0x0000c988      0x858 /home/jacob/KSDK_1.3.0/examples/frdmk22f/demo_apps/hello_world/kds/../../../../../lib/ksdk_platform_lib/kds/K22F51212/debug/libksdk_platform.a(fsl_mcg_hal_modes.o)
 .debug_info    0x0000d1e0      0x44b /home/jacob/KSDK_1.3.0/examples/frdmk22f/demo_apps/hello_world/kds/../../../../../lib/ksdk_platform_lib/kds/K22F51212/debug/libksdk_platform.a(fsl_lptmr_hal.o)
 .debug_info    0x0000d62b      0x41a /home/jacob/KSDK_1.3.0/examples/frdmk22f/demo_apps/hello_world/kds/../../../../../lib/ksdk_platform_lib/kds/K22F51212/debug/libksdk_platform.a(fsl_lptmr_common.o)
 .debug_info    0x0000da45      0x201 /home/jacob/KSDK_1.3.0/examples/frdmk22f/demo_apps/hello_world/kds/../../../../../lib/ksdk_platform_lib/kds/K22F51212/debug/libksdk_platform.a(fsl_gpio_hal.o)
 .debug_info    0x0000dc46      0x4c0 /home/jacob/KSDK_1.3.0/examples/frdmk22f/demo_apps/hello_world/kds/../../../../../lib/ksdk_platform_lib/kds/K22F51212/debug/libksdk_platform.a(fsl_gpio_common.o)

.debug_abbrev   0x00000000     0x2882
 .debug_abbrev  0x00000000      0x2ae ./utilities/fsl_debug_console.o
 .debug_abbrev  0x000002ae       0xc1 ./utilities/fsl_misc_utilities.o
 .debug_abbrev  0x0000036f      0x199 ./utilities/print_scan.o
 .debug_abbrev  0x00000508       0xf7 ./startup/startup.o
 .debug_abbrev  0x000005ff       0x14 ./startup/startup_MK22F51212.o
 .debug_abbrev  0x00000613      0x117 ./startup/system_MK22F51212.o
 .debug_abbrev  0x0000072a       0x67 ./source/fsl_lptmr_irq.o
 .debug_abbrev  0x00000791       0xf7 ./source/main.o
 .debug_abbrev  0x00000888      0x222 ./board/board.o
 .debug_abbrev  0x00000aaa       0xa4 ./board/gpio_pins.o
 .debug_abbrev  0x00000b4e       0x8a ./board/hardware_init.o
 .debug_abbrev  0x00000bd8      0x11e ./board/pin_mux.o
 .debug_abbrev  0x00000cf6      0x225 /home/jacob/KSDK_1.3.0/examples/frdmk22f/demo_apps/hello_world/kds/../../../../../lib/ksdk_platform_lib/kds/K22F51212/debug/libksdk_platform.a(fsl_uart_hal.o)
 .debug_abbrev  0x00000f1b      0x189 /home/jacob/KSDK_1.3.0/examples/frdmk22f/demo_apps/hello_world/kds/../../../../../lib/ksdk_platform_lib/kds/K22F51212/debug/libksdk_platform.a(fsl_smc_hal.o)
 .debug_abbrev  0x000010a4      0x1f2 /home/jacob/KSDK_1.3.0/examples/frdmk22f/demo_apps/hello_world/kds/../../../../../lib/ksdk_platform_lib/kds/K22F51212/debug/libksdk_platform.a(fsl_lpuart_hal.o)
 .debug_abbrev  0x00001296      0x28c /home/jacob/KSDK_1.3.0/examples/frdmk22f/demo_apps/hello_world/kds/../../../../../lib/ksdk_platform_lib/kds/K22F51212/debug/libksdk_platform.a(fsl_lptmr_driver.o)
 .debug_abbrev  0x00001522      0x291 /home/jacob/KSDK_1.3.0/examples/frdmk22f/demo_apps/hello_world/kds/../../../../../lib/ksdk_platform_lib/kds/K22F51212/debug/libksdk_platform.a(fsl_gpio_driver.o)
 .debug_abbrev  0x000017b3      0x2f3 /home/jacob/KSDK_1.3.0/examples/frdmk22f/demo_apps/hello_world/kds/../../../../../lib/ksdk_platform_lib/kds/K22F51212/debug/libksdk_platform.a(fsl_clock_MK22F51212.o)
 .debug_abbrev  0x00001aa6      0x2af /home/jacob/KSDK_1.3.0/examples/frdmk22f/demo_apps/hello_world/kds/../../../../../lib/ksdk_platform_lib/kds/K22F51212/debug/libksdk_platform.a(fsl_clock_manager.o)
 .debug_abbrev  0x00001d55       0xec /home/jacob/KSDK_1.3.0/examples/frdmk22f/demo_apps/hello_world/kds/../../../../../lib/ksdk_platform_lib/kds/K22F51212/debug/libksdk_platform.a(fsl_clock_manager_common.o)
 .debug_abbrev  0x00001e41      0x1a8 /home/jacob/KSDK_1.3.0/examples/frdmk22f/demo_apps/hello_world/kds/../../../../../lib/ksdk_platform_lib/kds/K22F51212/debug/libksdk_platform.a(fsl_sim_hal_MK22F51212.o)
 .debug_abbrev  0x00001fe9       0xcb /home/jacob/KSDK_1.3.0/examples/frdmk22f/demo_apps/hello_world/kds/../../../../../lib/ksdk_platform_lib/kds/K22F51212/debug/libksdk_platform.a(fsl_osc_hal.o)
 .debug_abbrev  0x000020b4      0x245 /home/jacob/KSDK_1.3.0/examples/frdmk22f/demo_apps/hello_world/kds/../../../../../lib/ksdk_platform_lib/kds/K22F51212/debug/libksdk_platform.a(fsl_mcg_hal.o)
 .debug_abbrev  0x000022f9      0x194 /home/jacob/KSDK_1.3.0/examples/frdmk22f/demo_apps/hello_world/kds/../../../../../lib/ksdk_platform_lib/kds/K22F51212/debug/libksdk_platform.a(fsl_mcg_hal_modes.o)